Component: ARM Compiler 5.06 update 7 (build 960) Tool: armlink [4d3601]

==============================================================================

Section Cross References

    main.o(i.GPIOB_Handler) refers to interrupt_driver.o(i.PIN_Interrupt_Flag) for PIN_Interrupt_Flag
    main.o(i.GPIOB_Handler) refers to interrupt_driver.o(i.PIN_Clear_Interrupt) for PIN_Clear_Interrupt
    main.o(i.GPIOB_Handler) refers to queue.o(i.xQueueGiveFromISR) for xQueueGiveFromISR
    main.o(i.GPIOB_Handler) refers to main.o(.data) for xBinarySemaphore_1
    main.o(i.Micro_Clock) refers to gptm_driver.o(i.Timer_Number_Flag) for Timer_Number_Flag
    main.o(i.Micro_Clock) refers to gptm_driver.o(i.Timer_Number_Clear) for Timer_Number_Clear
    main.o(i.Normal_Task_Cars) refers to main.o(i.Start_North_South) for Start_North_South
    main.o(i.Normal_Task_Cars) refers to tasks.o(i.vTaskDelay) for vTaskDelay
    main.o(i.Normal_Task_Cars) refers to main.o(i.Start_East_West) for Start_East_West
    main.o(i.Normal_Task_Cars) refers to main.o(.data) for North_South_Green_Time
    main.o(i.North_South_Stop) refers to queue.o(i.xQueueSemaphoreTake) for xQueueSemaphoreTake
    main.o(i.North_South_Stop) refers to main.o(i.Start_East_West) for Start_East_West
    main.o(i.North_South_Stop) refers to tasks.o(i.vTaskDelay) for vTaskDelay
    main.o(i.North_South_Stop) refers to main.o(.data) for xBinarySemaphore_3
    main.o(i.Ports_Initialization) refers to gpio_driver.o(i.CLK_Enable) for CLK_Enable
    main.o(i.Ports_Initialization) refers to gpio_driver.o(i.GPIO_PORT_LOCK) for GPIO_PORT_LOCK
    main.o(i.Ports_Initialization) refers to gpio_driver.o(i.PIN_ANALOG_DIGITAL) for PIN_ANALOG_DIGITAL
    main.o(i.Ports_Initialization) refers to gpio_driver.o(i.PIN_FUNCTION_SELECT) for PIN_FUNCTION_SELECT
    main.o(i.Ports_Initialization) refers to gpio_driver.o(i.PIN_INPUT_OUTPUT) for PIN_INPUT_OUTPUT
    main.o(i.Ports_Initialization) refers to gpio_driver.o(i.PIN_PULLUP_RESISTOR) for PIN_PULLUP_RESISTOR
    main.o(i.Ports_Initialization) refers to interrupt_driver.o(i.PIN_Edge_Level_Trigger) for PIN_Edge_Level_Trigger
    main.o(i.Ports_Initialization) refers to interrupt_driver.o(i.PIN_Both_Edge_Trigger) for PIN_Both_Edge_Trigger
    main.o(i.Ports_Initialization) refers to interrupt_driver.o(i.PIN_Rising_Falling_Trigger) for PIN_Rising_Falling_Trigger
    main.o(i.Ports_Initialization) refers to interrupt_driver.o(i.PIN_Clear_Interrupt) for PIN_Clear_Interrupt
    main.o(i.Ports_Initialization) refers to interrupt_driver.o(i.PIN_Unmask) for PIN_Unmask
    main.o(i.Red_Flash) refers to gpio_driver.o(i.PIN_WRITE_DIGITAL) for PIN_WRITE_DIGITAL
    main.o(i.Red_Flash) refers to main.o(.data) for toggle
    main.o(i.Servo_Horizontal) refers to gpio_driver.o(i.PIN_WRITE_DIGITAL) for PIN_WRITE_DIGITAL
    main.o(i.Servo_Horizontal) refers to main.o(i.Micro_Clock) for Micro_Clock
    main.o(i.Servo_Vertical) refers to gpio_driver.o(i.PIN_WRITE_DIGITAL) for PIN_WRITE_DIGITAL
    main.o(i.Servo_Vertical) refers to main.o(i.Micro_Clock) for Micro_Clock
    main.o(i.Siren_Off) refers to gpio_driver.o(i.PIN_WRITE_DIGITAL) for PIN_WRITE_DIGITAL
    main.o(i.Siren_On) refers to gpio_driver.o(i.PIN_WRITE_DIGITAL) for PIN_WRITE_DIGITAL
    main.o(i.Siren_On) refers to main.o(.data) for toggle
    main.o(i.Start_East_West) refers to main.o(i.Turn_Off_Leds) for Turn_Off_Leds
    main.o(i.Start_East_West) refers to main.o(i.Siren_Off) for Siren_Off
    main.o(i.Start_East_West) refers to gpio_driver.o(i.PIN_WRITE_DIGITAL) for PIN_WRITE_DIGITAL
    main.o(i.Start_East_West) refers to main.o(i.Servo_Vertical) for Servo_Vertical
    main.o(i.Start_North_South) refers to main.o(i.Turn_Off_Leds) for Turn_Off_Leds
    main.o(i.Start_North_South) refers to main.o(i.Siren_Off) for Siren_Off
    main.o(i.Start_North_South) refers to gpio_driver.o(i.PIN_WRITE_DIGITAL) for PIN_WRITE_DIGITAL
    main.o(i.Start_North_South) refers to main.o(i.Servo_Vertical) for Servo_Vertical
    main.o(i.Stop_East_West) refers to main.o(i.Turn_Off_Leds) for Turn_Off_Leds
    main.o(i.Stop_East_West) refers to main.o(i.Siren_Off) for Siren_Off
    main.o(i.Stop_East_West) refers to gpio_driver.o(i.PIN_WRITE_DIGITAL) for PIN_WRITE_DIGITAL
    main.o(i.Timer_Initialization) refers to gptm_driver.o(i.CLK_Enable_GPTM_Module) for CLK_Enable_GPTM_Module
    main.o(i.Timer_Initialization) refers to gptm_driver.o(i.Enable_Timer_Number) for Enable_Timer_Number
    main.o(i.Timer_Initialization) refers to gptm_driver.o(i.Timer_Number_Option) for Timer_Number_Option
    main.o(i.Timer_Initialization) refers to gptm_driver.o(i.Timer_Number_Mode) for Timer_Number_Mode
    main.o(i.Timer_Initialization) refers to gptm_driver.o(i.Timer_Number_Ticks) for Timer_Number_Ticks
    main.o(i.Train_Task) refers to queue.o(i.xQueueSemaphoreTake) for xQueueSemaphoreTake
[...]
    C:\\Users\\Owner\\AppData\\Local\\Arm\\Packs\\ARM\\CMSIS-FreeRTOS\\10.3.1\\CMSIS\\RTOS2\\FreeRTOS\\Source\\freertos_evr.c 0x00000000   Number         0  freertos_evr.o ABSOLUTE
    C:\\Users\\Owner\\AppData\\Local\\Arm\\Packs\\ARM\\CMSIS-FreeRTOS\\10.3.1\\Source\\croutine.c 0x00000000   Number         0  croutine.o ABSOLUTE
    C:\\Users\\Owner\\AppData\\Local\\Arm\\Packs\\ARM\\CMSIS-FreeRTOS\\10.3.1\\Source\\event_groups.c 0x00000000   Number         0  event_groups.o ABSOLUTE
    C:\\Users\\Owner\\AppData\\Local\\Arm\\Packs\\ARM\\CMSIS-FreeRTOS\\10.3.1\\Source\\list.c 0x00000000   Number         0  list.o ABSOLUTE
    C:\\Users\\Owner\\AppData\\Local\\Arm\\Packs\\ARM\\CMSIS-FreeRTOS\\10.3.1\\Source\\portable\\MemMang\\heap_1.c 0x00000000   Number         0  heap_1.o ABSOLUTE
    C:\\Users\\Owner\\AppData\\Local\\Arm\\Packs\\ARM\\CMSIS-FreeRTOS\\10.3.1\\Source\\portable\\RVDS\\ARM_CM4F\\port.c 0x00000000   Number         0  port.o ABSOLUTE
    C:\\Users\\Owner\\AppData\\Local\\Arm\\Packs\\ARM\\CMSIS-FreeRTOS\\10.3.1\\Source\\queue.c 0x00000000   Number         0  queue.o ABSOLUTE
    C:\\Users\\Owner\\AppData\\Local\\Arm\\Packs\\ARM\\CMSIS-FreeRTOS\\10.3.1\\Source\\stream_buffer.c 0x00000000   Number         0  stream_buffer.o ABSOLUTE
    C:\\Users\\Owner\\AppData\\Local\\Arm\\Packs\\ARM\\CMSIS-FreeRTOS\\10.3.1\\Source\\tasks.c 0x00000000   Number         0  tasks.o ABSOLUTE
    C:\\Users\\Owner\\AppData\\Local\\Arm\\Packs\\ARM\\CMSIS-FreeRTOS\\10.3.1\\Source\\timers.c 0x00000000   Number         0  timers.o ABSOLUTE
    GPIO_Driver.c                            0x00000000   Number         0  gpio_driver.o ABSOLUTE
    GPTM_Driver.c                            0x00000000   Number         0  gptm_driver.o ABSOLUTE
    Interrupt_Driver.c                       0x00000000   Number         0  interrupt_driver.o ABSOLUTE
    RTE\Device\TM4C123GH6PM\startup_TM4C123.s 0x00000000   Number         0  startup_tm4c123.o ABSOLUTE
    RTE\Device\TM4C123GH6PM\system_TM4C123.c 0x00000000   Number         0  system_tm4c123.o ABSOLUTE
    RTE\\Device\\TM4C123GH6PM\\system_TM4C123.c 0x00000000   Number         0  system_tm4c123.o ABSOLUTE
    dc.s                                     0x00000000   Number         0  dc.o ABSOLUTE
    main.c                                   0x00000000   Number         0  main.o ABSOLUTE
    main.c                                   0x00000000   Number         0  main.o ABSOLUTE
    !!!main                                  0x0000026c   Section        8  __main.o(!!!main)
    !!!scatter                               0x00000274   Section       52  __scatter.o(!!!scatter)
    !!dczerorl2                              0x000002a8   Section       90  __dczerorl2.o(!!dczerorl2)
    !!handler_zi                             0x00000304   Section       28  __scatter_zi.o(!!handler_zi)
    .ARM.Collect$$libinit$$00000000          0x00000320   Section        2  libinit.o(.ARM.Collect$$libinit$$00000000)
    .ARM.Collect$$libinit$$00000001          0x00000322   Section        4  libinit2.o(.ARM.Collect$$libinit$$00000001)
    .ARM.Collect$$libinit$$00000004          0x00000326   Section        0  libinit2.o(.ARM.Collect$$libinit$$00000004)
    .ARM.Collect$$libinit$$0000000A          0x00000326   Section        0  libinit2.o(.ARM.Collect$$libinit$$0000000A)
    .ARM.Collect$$libinit$$0000000C          0x00000326   Section        0  libinit2.o(.ARM.Collect$$libinit$$0000000C)
    .ARM.Collect$$libinit$$0000000E          0x00000326   Section        0  libinit2.o(.ARM.Collect$$libinit$$0000000E)
    .ARM.Collect$$libinit$$00000011          0x00000326   Section        0  libinit2.o(.ARM.Collect$$libinit$$00000011)
    .ARM.Collect$$libinit$$00000013          0x00000326   Section        0  libinit2.o(.ARM.Collect$$libinit$$00000013)
    .ARM.Collect$$libinit$$00000015          0x00000326   Section        0  libinit2.o(.ARM.Collect$$libinit$$00000015)
    .ARM.Collect$$libinit$$00000017          0x00000326   Section        0  libinit2.o(.ARM.Collect$$libinit$$00000017)
    .ARM.Collect$$libinit$$00000019          0x00000326   Section        0  libinit2.o(.ARM.Collect$$libinit$$00000019)
    .ARM.Collect$$libinit$$0000001B          0x00000326   Section        0  libinit2.o(.ARM.Collect$$libinit$$0000001B)
    .ARM.Collect$$libinit$$0000001D          0x00000326   Section        0  libinit2.o(.ARM.Collect$$libinit$$0000001D)
    .ARM.Collect$$libinit$$0000001F          0x00000326   Section        0  libinit2.o(.ARM.Collect$$libinit$$0000001F)
    .ARM.Collect$$libinit$$00000021          0x00000326   Section        0  libinit2.o(.ARM.Collect$$libinit$$00000021)
    .ARM.Collect$$libinit$$00000023          0x00000326   Section        0  libinit2.o(.ARM.Collect$$libinit$$00000023)
    .ARM.Collect$$libinit$$00000025          0x00000326   Section        0  libinit2.o(.ARM.Collect$$libinit$$00000025)
    .ARM.Collect$$libinit$$0000002C          0x00000326   Section        0  libinit2.o(.ARM.Collect$$libinit$$0000002C)
    .ARM.Collect$$libinit$$0000002E          0x00000326   Section        0  libinit2.o(.ARM.Collect$$libinit$$0000002E)
    .ARM.Collect$$libinit$$00000030          0x00000326   Section        0  libinit2.o(.ARM.Collect$$libinit$$00000030)
    .ARM.Collect$$libinit$$00000032          0x00000326   Section        0  libinit2.o(.ARM.Collect$$libinit$$00000032)
    .ARM.Collect$$libinit$$00000033          0x00000326   Section        2  libinit2.o(.ARM.Collect$$libinit$$00000033)
    .ARM.Collect$$libshutdown$$00000000      0x00000328   Section        2  libshutdown.o(.ARM.Collect$$libshutdown$$00000000)
    .ARM.Collect$$libshutdown$$00000002      0x0000032a   Section        0  libshutdown2.o(.ARM.Collect$$libshutdown$$00000002)
    .ARM.Collect$$libshutdown$$00000004      0x0000032a   Section        0  libshutdown2.o(.ARM.Collect$$libshutdown$$00000004)
    .ARM.Collect$$libshutdown$$00000006      0x0000032a   Section        0  libshutdown2.o(.ARM.Collect$$libshutdown$$00000006)
    .ARM.Collect$$libshutdown$$00000009      0x0000032a   Section        0  libshutdown2.o(.ARM.Collect$$libshutdown$$00000009)
    .ARM.Collect$$libshutdown$$0000000C      0x0000032a   Section        0  libshutdown2.o(.ARM.Collect$$libshutdown$$0000000C)
    .ARM.Collect$$libshutdown$$0000000E      0x0000032a   Section        0  libshutdown2.o(.ARM.Collect$$libshutdown$$0000000E)
    .ARM.Collect$$libshutdown$$00000011      0x0000032a   Section        0  libshutdown2.o(.ARM.Collect$$libshutdown$$00000011)
    .ARM.Collect$$libshutdown$$00000012      0x0000032a   Section        2  libshutdown2.o(.ARM.Collect$$libshutdown$$00000012)
    .ARM.Collect$$rtentry$$00000000          0x0000032c   Section        0  __rtentry.o(.ARM.Collect$$rtentry$$00000000)
    .ARM.Collect$$rtentry$$00000002          0x0000032c   Section        0  __rtentry2.o(.ARM.Collect$$rtentry$$00000002)
    .ARM.Collect$$rtentry$$00000004          0x0000032c   Section        6  __rtentry4.o(.ARM.Collect$$rtentry$$00000004)
    .ARM.Collect$$rtentry$$00000009          0x00000332   Section        0  __rtentry2.o(.ARM.Collect$$rtentry$$00000009)
    .ARM.Collect$$rtentry$$0000000A          0x00000332   Section        4  __rtentry2.o(.ARM.Collect$$rtentry$$0000000A)
    .ARM.Collect$$rtentry$$0000000C          0x00000336   Section        0  __rtentry2.o(.ARM.Collect$$rtentry$$0000000C)
    .ARM.Collect$$rtentry$$0000000D          0x00000336   Section        8  __rtentry2.o(.ARM.Collect$$rtentry$$0000000D)
    .ARM.Collect$$rtexit$$00000000           0x0000033e   Section        2  rtexit.o(.ARM.Collect$$rtexit$$00000000)
    .ARM.Collect$$rtexit$$00000002           0x00000340   Section        0  rtexit2.o(.ARM.Collect$$rtexit$$00000002)
    .ARM.Collect$$rtexit$$00000003           0x00000340   Section        4  rtexit2.o(.ARM.Collect$$rtexit$$00000003)
    .ARM.Collect$$rtexit$$00000004           0x00000344   Section        6  rtexit2.o(.ARM.Collect$$rtexit$$00000004)
    .emb_text                                0x0000034c   Section      190  port.o(.emb_text)
    $v0                                      0x0000034c   Number         0  port.o(.emb_text)
    .text                                    0x0000040c   Section      276  startup_tm4c123.o(.text)
    $v0                                      0x0000040c   Number         0  startup_tm4c123.o(.text)
    .text                                    0x00000520   Section      138  rt_memcpy_v6.o(.text)
    .text                                    0x000005aa   Section       16  aeabi_memset.o(.text)
    .text                                    0x000005ba   Section       78  rt_memclr_w.o(.text)
    .text                                    0x00000608   Section      128  strcmpv7m.o(.text)
    .text                                    0x00000688   Section        0  heapauxi.o(.text)
    .text                                    0x0000068e   Section      100  rt_memcpy_w.o(.text)
    .text                                    0x000006f2   Section       68  rt_memclr.o(.text)
    .text                                    0x00000736   Section       74  sys_stackheap_outer.o(.text)
    .text                                    0x00000780   Section        0  exit.o(.text)
    .text                                    0x00000794   Section        8  libspace.o(.text)
    .text                                    0x0000079c   Section        0  sys_exit.o(.text)
    .text                                    0x000007a8   Section        2  use_no_semi.o(.text)
    .text                                    0x000007aa   Section        0  indicate_semi.o(.text)
    i.CLK_Enable                             0x000007ac   Section        0  gpio_driver.o(i.CLK_Enable)
    i.CLK_Enable_GPTM_Module                 0x000007d4   Section        0  gptm_driver.o(i.CLK_Enable_GPTM_Module)
    i.Enable_Timer_Number                    0x000007e8   Section        0  gptm_driver.o(i.Enable_Timer_Number)
    i.GPIOB_Handler                          0x00000844   Section        0  main.o(i.GPIOB_Handler)
    i.GPIO_PORT_LOCK                         0x00000920   Section        0  gpio_driver.o(i.GPIO_PORT_LOCK)
    i.Micro_Clock                            0x00000950   Section        0  main.o(i.Micro_Clock)
    i.Normal_Task_Cars                       0x00000974   Section        0  main.o(i.Normal_Task_Cars)
    i.North_South_Stop                       0x00000998   Section        0  main.o(i.North_South_Stop)
    i.PIN_ANALOG_DIGITAL                     0x000009c0   Section        0  gpio_driver.o(i.PIN_ANALOG_DIGITAL)
    i.PIN_Both_Edge_Trigger                  0x00000a74   Section        0  interrupt_driver.o(i.PIN_Both_Edge_Trigger)
    i.PIN_Clear_Interrupt                    0x00000ae4   Section        0  interrupt_driver.o(i.PIN_Clear_Interrupt)
    i.PIN_Edge_Level_Trigger                 0x00000b0c   Section        0  interrupt_driver.o(i.PIN_Edge_Level_Trigger)
    i.PIN_FUNCTION_SELECT                    0x00000b8c   Section        0  gpio_driver.o(i.PIN_FUNCTION_SELECT)
    i.PIN_INPUT_OUTPUT                       0x00000c04   Section        0  gpio_driver.o(i.PIN_INPUT_OUTPUT)
    i.PIN_Interrupt_Flag                     0x00000c74   Section        0  interrupt_driver.o(i.PIN_Interrupt_Flag)
    i.PIN_PULLUP_RESISTOR                    0x00000c98   Section        0  gpio_driver.o(i.PIN_PULLUP_RESISTOR)
    i.PIN_Rising_Falling_Trigger             0x00000d0c   Section        0  interrupt_driver.o(i.PIN_Rising_Falling_Trigger)
    i.PIN_Unmask                             0x00000d7c   Section        0  interrupt_driver.o(i.PIN_Unmask)
    i.PIN_WRITE_DIGITAL                      0x00000da4   Section        0  gpio_driver.o(i.PIN_WRITE_DIGITAL)
    i.Ports_Initialization                   0x00000e04   Section        0  main.o(i.Ports_Initialization)
    i.Red_Flash                              0x000011c8   Section        0  main.o(i.Red_Flash)
    i.Servo_Horizontal                       0x00001220   Section        0  main.o(i.Servo_Horizontal)
    i.Servo_Vertical                         0x00001260   Section        0  main.o(i.Servo_Vertical)
    i.Siren_Off                              0x000012a0   Section        0  main.o(i.Siren_Off)
    i.Siren_On                               0x000012b4   Section        0  main.o(i.Siren_On)
    i.Start_East_West                        0x000012f8   Section        0  main.o(i.Start_East_West)
    i.Start_North_South                      0x00001324   Section        0  main.o(i.Start_North_South)
    i.SysTick_Handler                        0x00001350   Section        0  port.o(i.SysTick_Handler)
    i.SystemInit                             0x00001384   Section        0  system_tm4c123.o(i.SystemInit)
    i.Timer_Initialization                   0x0000141c   Section        0  main.o(i.Timer_Initialization)
    i.Timer_Number_Clear                     0x00001470   Section        0  gptm_driver.o(i.Timer_Number_Clear)
    i.Timer_Number_Flag                      0x00001480   Section        0  gptm_driver.o(i.Timer_Number_Flag)
    i.Timer_Number_Mode                      0x00001494   Section        0  gptm_driver.o(i.Timer_Number_Mode)
    i.Timer_Number_Option                    0x00001520   Section        0  gptm_driver.o(i.Timer_Number_Option)
    i.Timer_Number_Ticks                     0x00001578   Section        0  gptm_driver.o(i.Timer_Number_Ticks)
    i.Train_Task                             0x00001598   Section        0  main.o(i.Train_Task)
    i.Turn_Off_Leds                          0x000015e8   Section        0  main.o(i.Turn_Off_Leds)
    i.West_East_Stop                         0x00001618   Section        0  main.o(i.West_East_Stop)
    i.eTaskConfirmSleepModeStatus            0x00001640   Section        0  tasks.o(i.eTaskConfirmSleepModeStatus)
    i.main                                   0x0000167c   Section        0  main.o(i.main)
    i.prvAddCurrentTaskToDelayedList         0x00001744   Section        0  tasks.o(i.prvAddCurrentTaskToDelayedList)
    prvAddCurrentTaskToDelayedList           0x00001745   Thumb Code   134  tasks.o(i.prvAddCurrentTaskToDelayedList)
    i.prvAddNewTaskToReadyList               0x000017e8   Section        0  tasks.o(i.prvAddNewTaskToReadyList)
    prvAddNewTaskToReadyList                 0x000017e9   Thumb Code   156  tasks.o(i.prvAddNewTaskToReadyList)
    i.prvCheckForValidListAndQueue           0x000018a0   Section        0  timers.o(i.prvCheckForValidListAndQueue)
    prvCheckForValidListAndQueue             0x000018a1   Thumb Code    56  timers.o(i.prvCheckForValidListAndQueue)
    i.prvCheckTasksWaitingTermination        0x000018ec   Section        0  tasks.o(i.prvCheckTasksWaitingTermination)
    prvCheckTasksWaitingTermination          0x000018ed   Thumb Code    60  tasks.o(i.prvCheckTasksWaitingTermination)
    i.prvCopyDataFromQueue                   0x00001934   Section        0  queue.o(i.prvCopyDataFromQueue)
    prvCopyDataFromQueue                     0x00001935   Thumb Code    42  queue.o(i.prvCopyDataFromQueue)
    i.prvCopyDataToQueue                     0x0000195e   Section        0  queue.o(i.prvCopyDataToQueue)
    prvCopyDataToQueue                       0x0000195f   Thumb Code   126  queue.o(i.prvCopyDataToQueue)
    i.prvDeleteTCB                           0x000019dc   Section        0  tasks.o(i.prvDeleteTCB)
    prvDeleteTCB                             0x000019dd   Thumb Code    18  tasks.o(i.prvDeleteTCB)
    i.prvGetDisinheritPriorityAfterTimeout   0x000019ee   Section        0  queue.o(i.prvGetDisinheritPriorityAfterTimeout)
    prvGetDisinheritPriorityAfterTimeout     0x000019ef   Thumb Code    20  queue.o(i.prvGetDisinheritPriorityAfterTimeout)
    i.prvGetExpectedIdleTime                 0x00001a04   Section        0  tasks.o(i.prvGetExpectedIdleTime)
    prvGetExpectedIdleTime                   0x00001a05   Thumb Code    56  tasks.o(i.prvGetExpectedIdleTime)
    i.prvGetNextExpireTime                   0x00001a50   Section        0  timers.o(i.prvGetNextExpireTime)
    prvGetNextExpireTime                     0x00001a51   Thumb Code    36  timers.o(i.prvGetNextExpireTime)
    i.prvIdleTask                            0x00001a78   Section        0  tasks.o(i.prvIdleTask)
    prvIdleTask                              0x00001a79   Thumb Code   108  tasks.o(i.prvIdleTask)
    i.prvInitialiseNewQueue                  0x00001af4   Section        0  queue.o(i.prvInitialiseNewQueue)
    prvInitialiseNewQueue                    0x00001af5   Thumb Code    46  queue.o(i.prvInitialiseNewQueue)
    i.prvInitialiseNewTask                   0x00001b22   Section        0  tasks.o(i.prvInitialiseNewTask)
    prvInitialiseNewTask                     0x00001b23   Thumb Code   194  tasks.o(i.prvInitialiseNewTask)
    i.prvInitialiseTaskLists                 0x00001be4   Section        0  tasks.o(i.prvInitialiseTaskLists)
    prvInitialiseTaskLists                   0x00001be5   Thumb Code    70  tasks.o(i.prvInitialiseTaskLists)
    i.prvInsertTimerInActiveList             0x00001c4c   Section        0  timers.o(i.prvInsertTimerInActiveList)
    prvInsertTimerInActiveList               0x00001c4d   Thumb Code    80  timers.o(i.prvInsertTimerInActiveList)
    i.prvIsQueueEmpty                        0x00001ca4   Section        0  queue.o(i.prvIsQueueEmpty)
    prvIsQueueEmpty                          0x00001ca5   Thumb Code    26  queue.o(i.prvIsQueueEmpty)
    i.prvIsQueueFull                         0x00001cbe   Section        0  queue.o(i.prvIsQueueFull)
    prvIsQueueFull                           0x00001cbf   Thumb Code    30  queue.o(i.prvIsQueueFull)
    i.prvNotifyQueueSetContainer             0x00001cdc   Section        0  queue.o(i.prvNotifyQueueSetContainer)
    prvNotifyQueueSetContainer               0x00001cdd   Thumb Code   138  queue.o(i.prvNotifyQueueSetContainer)
    i.prvProcessExpiredTimer                 0x00001d68   Section        0  timers.o(i.prvProcessExpiredTimer)
    prvProcessExpiredTimer                   0x00001d69   Thumb Code   110  timers.o(i.prvProcessExpiredTimer)
    i.prvProcessReceivedCommands             0x00001ddc   Section        0  timers.o(i.prvProcessReceivedCommands)
    prvProcessReceivedCommands               0x00001ddd   Thumb Code   350  timers.o(i.prvProcessReceivedCommands)
    i.prvProcessTimerOrBlockTask             0x00001f40   Section        0  timers.o(i.prvProcessTimerOrBlockTask)
    prvProcessTimerOrBlockTask               0x00001f41   Thumb Code   102  timers.o(i.prvProcessTimerOrBlockTask)
    i.prvResetNextTaskUnblockTime            0x00001fb4   Section        0  tasks.o(i.prvResetNextTaskUnblockTime)
    prvResetNextTaskUnblockTime              0x00001fb5   Thumb Code    42  tasks.o(i.prvResetNextTaskUnblockTime)
    i.prvSampleTimeNow                       0x00001fe8   Section        0  timers.o(i.prvSampleTimeNow)
    prvSampleTimeNow                         0x00001fe9   Thumb Code    40  timers.o(i.prvSampleTimeNow)
    i.prvSwitchTimerLists                    0x00002014   Section        0  timers.o(i.prvSwitchTimerLists)
    prvSwitchTimerLists                      0x00002015   Thumb Code   154  timers.o(i.prvSwitchTimerLists)
    i.prvTaskExitError                       0x000020b8   Section        0  port.o(i.prvTaskExitError)
    prvTaskExitError                         0x000020b9   Thumb Code    60  port.o(i.prvTaskExitError)
    i.prvTimerTask                           0x000020f8   Section        0  timers.o(i.prvTimerTask)
    prvTimerTask                             0x000020f9   Thumb Code    26  timers.o(i.prvTimerTask)
    i.prvUnlockQueue                         0x00002112   Section        0  queue.o(i.prvUnlockQueue)
    prvUnlockQueue                           0x00002113   Thumb Code   144  queue.o(i.prvUnlockQueue)
    i.pvPortMalloc                           0x000021a4   Section        0  heap_1.o(i.pvPortMalloc)
    i.pvTaskIncrementMutexHeldCount          0x00002214   Section        0  tasks.o(i.pvTaskIncrementMutexHeldCount)
    i.pxPortInitialiseStack                  0x00002234   Section        0  port.o(i.pxPortInitialiseStack)
    i.uxListRemove                           0x00002260   Section        0  list.o(i.uxListRemove)
    i.vListInitialise                        0x00002288   Section        0  list.o(i.vListInitialise)
    i.vListInitialiseItem                    0x000022a2   Section        0  list.o(i.vListInitialiseItem)
    i.vListInsert                            0x000022a8   Section        0  list.o(i.vListInsert)
    i.vListInsertEnd                         0x000022dc   Section        0  list.o(i.vListInsertEnd)
    i.vPortEnterCritical                     0x000022f4   Section        0  port.o(i.vPortEnterCritical)
    i.vPortExitCritical                      0x00002348   Section        0  port.o(i.vPortExitCritical)
    i.vPortFree                              0x00002384   Section        0  heap_1.o(i.vPortFree)
    i.vPortSetupTimerInterrupt               0x000023a8   Section        0  port.o(i.vPortSetupTimerInterrupt)
    i.vPortSuppressTicksAndSleep             0x00002410   Section        0  port.o(i.vPortSuppressTicksAndSleep)
    i.vPortValidateInterruptPriority         0x0000255c   Section        0  port.o(i.vPortValidateInterruptPriority)
    i.vQueueWaitForMessageRestricted         0x000025d4   Section        0  queue.o(i.vQueueWaitForMessageRestricted)
    i.vTaskDelay                             0x00002620   Section        0  tasks.o(i.vTaskDelay)
    i.vTaskInternalSetTimeOutState           0x0000267c   Section        0  tasks.o(i.vTaskInternalSetTimeOutState)
    i.vTaskMissedYield                       0x00002694   Section        0  tasks.o(i.vTaskMissedYield)
    i.vTaskPlaceOnEventList                  0x000026a0   Section        0  tasks.o(i.vTaskPlaceOnEventList)
    i.vTaskPlaceOnEventListRestricted        0x000026d8   Section        0  tasks.o(i.vTaskPlaceOnEventListRestricted)
    i.vTaskPriorityDisinheritAfterTimeout    0x00002718   Section        0  tasks.o(i.vTaskPriorityDisinheritAfterTimeout)
    i.vTaskStartScheduler                    0x000027fc   Section        0  tasks.o(i.vTaskStartScheduler)
    i.vTaskStepTick                          0x00002890   Section        0  tasks.o(i.vTaskStepTick)
    i.vTaskSuspendAll                        0x000028d0   Section        0  tasks.o(i.vTaskSuspendAll)
    i.vTaskSwitchContext                     0x000028e0   Section        0  tasks.o(i.vTaskSwitchContext)
    i.xPortStartScheduler                    0x0000296c   Section        0  port.o(i.xPortStartScheduler)
    i.xQueueGenericCreate                    0x00002afc   Section        0  queue.o(i.xQueueGenericCreate)
    i.xQueueGenericReset                     0x00002b50   Section        0  queue.o(i.xQueueGenericReset)
    i.xQueueGenericSend                      0x00002be8   Section        0  queue.o(i.xQueueGenericSend)
    i.xQueueGenericSendFromISR               0x00002dc0   Section        0  queue.o(i.xQueueGenericSendFromISR)
    i.xQueueGiveFromISR                      0x00002ed2   Section        0  queue.o(i.xQueueGiveFromISR)
    i.xQueueReceive                          0x00002fc8   Section        0  queue.o(i.xQueueReceive)
    i.xQueueSemaphoreTake                    0x00003130   Section        0  queue.o(i.xQueueSemaphoreTake)
    i.xTaskCheckForTimeOut                   0x000032e8   Section        0  tasks.o(i.xTaskCheckForTimeOut)
    i.xTaskCreate                            0x00003390   Section        0  tasks.o(i.xTaskCreate)
    i.xTaskGetSchedulerState                 0x000033f0   Section        0  tasks.o(i.xTaskGetSchedulerState)
    i.xTaskGetTickCount                      0x00003410   Section        0  tasks.o(i.xTaskGetTickCount)
    i.xTaskIncrementTick                     0x0000341c   Section        0  tasks.o(i.xTaskIncrementTick)
    i.xTaskPriorityDisinherit                0x00003564   Section        0  tasks.o(i.xTaskPriorityDisinherit)
    i.xTaskPriorityInherit                   0x0000362c   Section        0  tasks.o(i.xTaskPriorityInherit)
    i.xTaskRemoveFromEventList               0x000036e4   Section        0  tasks.o(i.xTaskRemoveFromEventList)
    i.xTaskResumeAll                         0x00003780   Section        0  tasks.o(i.xTaskResumeAll)
    i.xTimerCreateTimerTask                  0x00003884   Section        0  timers.o(i.xTimerCreateTimerTask)
    i.xTimerGenericCommand                   0x000038dc   Section        0  timers.o(i.xTimerGenericCommand)
    x$fpl$fpinit                             0x00003960   Section       10  fpinit.o(x$fpl$fpinit)
    $v0                                      0x00003960   Number         0  fpinit.o(x$fpl$fpinit)
    .data                                    0x20000000   Section       30  main.o(.data)
    toggle                                   0x2000001c   Data           1  main.o(.data)
    toggle                                   0x2000001d   Data           1  main.o(.data)
    .data                                    0x20000020   Section      192  gpio_driver.o(.data)
    .data                                    0x200000e0   Section      288  interrupt_driver.o(.data)
    .data                                    0x20000200   Section      144  gptm_driver.o(.data)
    .data                                    0x20000290   Section        4  system_tm4c123.o(.data)
    .data                                    0x20000294   Section        8  heap_1.o(.data)
    xNextFreeByte                            0x20000294   Data           4  heap_1.o(.data)
    pucAlignedHeap                           0x20000298   Data           4  heap_1.o(.data)
    .data                                    0x2000029c   Section       24  port.o(.data)
    uxCriticalNesting                        0x2000029c   Data           4  port.o(.data)
    ulTimerCountsForOneTick                  0x200002a0   Data           4  port.o(.data)
    xMaximumPossibleSuppressedTicks          0x200002a4   Data           4  port.o(.data)
    ulStoppedTimerCompensation               0x200002a8   Data           4  port.o(.data)
    ucMaxSysCallPriority                     0x200002ac   Data           1  port.o(.data)
    ulMaxPRIGROUPValue                       0x200002b0   Data           4  port.o(.data)
    .data                                    0x200002b4   Section       60  tasks.o(.data)
    pxDelayedTaskList                        0x200002b8   Data           4  tasks.o(.data)
    pxOverflowDelayedTaskList                0x200002bc   Data           4  tasks.o(.data)
    uxDeletedTasksWaitingCleanUp             0x200002c0   Data           4  tasks.o(.data)
    uxCurrentNumberOfTasks                   0x200002c4   Data           4  tasks.o(.data)
    xTickCount                               0x200002c8   Data           4  tasks.o(.data)
    uxTopReadyPriority                       0x200002cc   Data           4  tasks.o(.data)
    xSchedulerRunning                        0x200002d0   Data           4  tasks.o(.data)
    xPendedTicks                             0x200002d4   Data           4  tasks.o(.data)
    xYieldPending                            0x200002d8   Data           4  tasks.o(.data)
    xNumOfOverflows                          0x200002dc   Data           4  tasks.o(.data)
    uxTaskNumber                             0x200002e0   Data           4  tasks.o(.data)
    xNextTaskUnblockTime                     0x200002e4   Data           4  tasks.o(.data)
    xIdleTaskHandle                          0x200002e8   Data           4  tasks.o(.data)
    uxSchedulerSuspended                     0x200002ec   Data           4  tasks.o(.data)
    .data                                    0x200002f0   Section       20  timers.o(.data)
    pxCurrentTimerList                       0x200002f0   Data           4  timers.o(.data)
    pxOverflowTimerList                      0x200002f4   Data           4  timers.o(.data)
    xTimerQueue                              0x200002f8   Data           4  timers.o(.data)
    xTimerTaskHandle                         0x200002fc   Data           4  timers.o(.data)
    xLastTime                                0x20000300   Data           4  timers.o(.data)
    .bss                                     0x20000304   Section    10240  heap_1.o(.bss)
    ucHeap                                   0x20000304   Data       10240  heap_1.o(.bss)
    .bss                                     0x20002b04   Section      200  tasks.o(.bss)
    pxReadyTasksLists                        0x20002b04   Data         100  tasks.o(.bss)
    xDelayedTaskList1                        0x20002b68   Data          20  tasks.o(.bss)
    xDelayedTaskList2                        0x20002b7c   Data          20  tasks.o(.bss)
    xPendingReadyList                        0x20002b90   Data          20  tasks.o(.bss)
    xTasksWaitingTermination                 0x20002ba4   Data          20  tasks.o(.bss)
    xSuspendedTaskList                       0x20002bb8   Data          20  tasks.o(.bss)
    .bss                                     0x20002bcc   Section       40  timers.o(.bss)
    xActiveTimerList1                        0x20002bcc   Data          20  timers.o(.bss)
    xActiveTimerList2                        0x20002be0   Data          20  timers.o(.bss)
    .bss                                     0x20002bf4   Section       96  libspace.o(.bss)
    HEAP                                     0x20002c58   Section        0  startup_tm4c123.o(HEAP)
    STACK                                    0x20002c58   Section      512  startup_tm4c123.o(STACK)
    Heap_Mem                                 0x20002c58   Data           0  startup_tm4c123.o(HEAP)
    Stack_Mem                                0x20002c58   Data         512  startup_tm4c123.o(STACK)
    __initial_sp                             0x20002e58   Data           0  startup_tm4c123.o(STACK)

    Global Symbols

    Symbol Name                              Value     Ov Type        Size  Object(Section)

    BuildAttributes$$THM_ISAv4$E$P$D$K$B$S$7EM$VFPi3$EXTD16$VFPS$VFMA$PE$A:L22UL41UL21$X:L11$S22US41US21$IEEE1$IW$USESV6$~STKCKD$USESV7$~SHL$OSPACE$ROPI$EBA8$UX$STANDARDLIB$REQ8$PRES8$EABIv2 0x00000000   Number         0  anon$$obj.o ABSOLUTE
    __ARM_use_no_argv                        0x00000000   Number         0  main.o ABSOLUTE
    __Vectors                                0x00000000   Data           4  startup_tm4c123.o(RESET)
    __ARM_exceptions_init                     - Undefined Weak Reference
    __alloca_initialize                       - Undefined Weak Reference
    __arm_fini_                               - Undefined Weak Reference
    __arm_preinit_                            - Undefined Weak Reference
    __cpp_initialize__aeabi_                  - Undefined Weak Reference
    __cxa_finalize                            - Undefined Weak Reference
    __rt_locale                               - Undefined Weak Reference
    __sigvec_lookup                           - Undefined Weak Reference
    _atexit_init                              - Undefined Weak Reference
    _call_atexit_fns                          - Undefined Weak Reference
    _clock_init                               - Undefined Weak Reference
    _fp_trap_init                             - Undefined Weak Reference
    _fp_trap_shutdown                         - Undefined Weak Reference
    _get_lc_collate                           - Undefined Weak Reference
    _get_lc_ctype                             - Undefined Weak Reference
    _get_lc_monetary                          - Undefined Weak Reference
    _get_lc_numeric                           - Undefined Weak Reference
    _get_lc_time                              - Undefined Weak Reference
    _getenv_init                              - Undefined Weak Reference
    _handle_redirection                       - Undefined Weak Reference
    _init_alloc                               - Undefined Weak Reference
    _init_user_alloc                          - Undefined Weak Reference
    _initio                                   - Undefined Weak Reference
    _rand_init                                - Undefined Weak Reference
    _signal_finish                            - Undefined Weak Reference
    _signal_init                              - Undefined Weak Reference
    _terminate_alloc                          - Undefined Weak Reference
    _terminate_user_alloc                     - Undefined Weak Reference
    _terminateio                              - Undefined Weak Reference
    __Vectors_End                            0x0000026c   Data           0  startup_tm4c123.o(RESET)
    __Vectors_Size                           0x0000026c   Number         0  startup_tm4c123.o ABSOLUTE
    __main                                   0x0000026d   Thumb Code     8  __main.o(!!!main)
    __scatterload                            0x00000275   Thumb Code     0  __scatter.o(!!!scatter)
    __scatterload_rt2                        0x00000275   Thumb Code    44  __scatter.o(!!!scatter)
    __scatterload_rt2_thumb_only             0x00000275   Thumb Code     0  __scatter.o(!!!scatter)
    __scatterload_null                       0x00000283   Thumb Code     0  __scatter.o(!!!scatter)
    __decompress                             0x000002a9   Thumb Code    90  __dczerorl2.o(!!dczerorl2)
    __decompress1                            0x000002a9   Thumb Code     0  __dczerorl2.o(!!dczerorl2)
    __scatterload_zeroinit                   0x00000305   Thumb Code    28  __scatter_zi.o(!!handler_zi)
    __rt_lib_init                            0x00000321   Thumb Code     0  libinit.o(.ARM.Collect$$libinit$$00000000)
    __rt_lib_init_fp_1                       0x00000323   Thumb Code     0  libinit2.o(.ARM.Collect$$libinit$$00000001)
    __rt_lib_init_alloca_1                   0x00000327   Thumb Code     0  libinit2.o(.ARM.Collect$$libinit$$0000002E)
    __rt_lib_init_argv_1                     0x00000327   Thumb Code     0  libinit2.o(.ARM.Collect$$libinit$$0000002C)
    __rt_lib_init_atexit_1                   0x00000327   Thumb Code     0  libinit2.o(.ARM.Collect$$libinit$$0000001B)
    __rt_lib_init_clock_1                    0x00000327   Thumb Code     0  libinit2.o(.ARM.Collect$$libinit$$00000021)
    __rt_lib_init_cpp_1                      0x00000327   Thumb Code     0  libinit2.o(.ARM.Collect$$libinit$$00000032)
    __rt_lib_init_exceptions_1               0x00000327   Thumb Code     0  libinit2.o(.ARM.Collect$$libinit$$00000030)
    __rt_lib_init_fp_trap_1                  0x00000327   Thumb Code     0  libinit2.o(.ARM.Collect$$libinit$$0000001F)
    __rt_lib_init_getenv_1                   0x00000327   Thumb Code     0  libinit2.o(.ARM.Collect$$libinit$$00000023)
    __rt_lib_init_heap_1                     0x00000327   Thumb Code     0  libinit2.o(.ARM.Collect$$libinit$$0000000A)
    __rt_lib_init_lc_collate_1               0x00000327   Thumb Code     0  libinit2.o(.ARM.Collect$$libinit$$00000011)
    __rt_lib_init_lc_ctype_1                 0x00000327   Thumb Code     0  libinit2.o(.ARM.Collect$$libinit$$00000013)
    __rt_lib_init_lc_monetary_1              0x00000327   Thumb Code     0  libinit2.o(.ARM.Collect$$libinit$$00000015)
    __rt_lib_init_lc_numeric_1               0x00000327   Thumb Code     0  libinit2.o(.ARM.Collect$$libinit$$00000017)
    __rt_lib_init_lc_time_1                  0x00000327   Thumb Code     0  libinit2.o(.ARM.Collect$$libinit$$00000019)
    __rt_lib_init_preinit_1                  0x00000327   Thumb Code     0  libinit2.o(.ARM.Collect$$libinit$$00000004)
    __rt_lib_init_rand_1                     0x00000327   Thumb Code     0  libinit2.o(.ARM.Collect$$libinit$$0000000E)
    __rt_lib_init_return                     0x00000327   Thumb Code     0  libinit2.o(.ARM.Collect$$libinit$$00000033)
    __rt_lib_init_signal_1                   0x00000327   Thumb Code     0  libinit2.o(.ARM.Collect$$libinit$$0000001D)
    __rt_lib_init_stdio_1                    0x00000327   Thumb Code     0  libinit2.o(.ARM.Collect$$libinit$$00000025)
    __rt_lib_init_user_alloc_1               0x00000327   Thumb Code     0  libinit2.o(.ARM.Collect$$libinit$$0000000C)
    __rt_lib_shutdown                        0x00000329   Thumb Code     0  libshutdown.o(.ARM.Collect$$libshutdown$$00000000)
    __rt_lib_shutdown_cpp_1                  0x0000032b   Thumb Code     0  libshutdown2.o(.ARM.Collect$$libshutdown$$00000004)
    __rt_lib_shutdown_fini_1                 0x0000032b   Thumb Code     0  libshutdown2.o(.ARM.Collect$$libshutdown$$00000002)
    __rt_lib_shutdown_fp_trap_1              0x0000032b   Thumb Code     0  libshutdown2.o(.ARM.Collect$$libshutdown$$00000009)
    __rt_lib_shutdown_heap_1                 0x0000032b   Thumb Code     0  libshutdown2.o(.ARM.Collect$$libshutdown$$00000011)
    __rt_lib_shutdown_return                 0x0000032b   Thumb Code     0  libshutdown2.o(.ARM.Collect$$libshutdown$$00000012)
    __rt_lib_shutdown_signal_1               0x0000032b   Thumb Code     0  libshutdown2.o(.ARM.Collect$$libshutdown$$0000000C)
    __rt_lib_shutdown_stdio_1                0x0000032b   Thumb Code     0  libshutdown2.o(.ARM.Collect$$libshutdown$$00000006)
    __rt_lib_shutdown_user_alloc_1           0x0000032b   Thumb Code     0  libshutdown2.o(.ARM.Collect$$libshutdown$$0000000E)
    __rt_entry                               0x0000032d   Thumb Code     0  __rtentry.o(.ARM.Collect$$rtentry$$00000000)
    __rt_entry_presh_1                       0x0000032d   Thumb Code     0  __rtentry2.o(.ARM.Collect$$rtentry$$00000002)
    __rt_entry_sh                            0x0000032d   Thumb Code     0  __rtentry4.o(.ARM.Collect$$rtentry$$00000004)
    __rt_entry_li                            0x00000333   Thumb Code     0  __rtentry2.o(.ARM.Collect$$rtentry$$0000000A)
    __rt_entry_postsh_1                      0x00000333   Thumb Code     0  __rtentry2.o(.ARM.Collect$$rtentry$$00000009)
    __rt_entry_main                          0x00000337   Thumb Code     0  __rtentry2.o(.ARM.Collect$$rtentry$$0000000D)
    __rt_entry_postli_1                      0x00000337   Thumb Code     0  __rtentry2.o(.ARM.Collect$$rtentry$$0000000C)
    __rt_exit                                0x0000033f   Thumb Code     0  rtexit.o(.ARM.Collect$$rtexit$$00000000)
    __rt_exit_ls                             0x00000341   Thumb Code     0  rtexit2.o(.ARM.Collect$$rtexit$$00000003)
    __rt_exit_prels_1                        0x00000341   Thumb Code     0  rtexit2.o(.ARM.Collect$$rtexit$$00000002)
    __rt_exit_exit                           0x00000345   Thumb Code     0  rtexit2.o(.ARM.Collect$$rtexit$$00000004)
    SVC_Handler                              0x0000034d   Thumb Code    28  port.o(.emb_text)
    __asm___6_port_c_39a90d8d__prvStartFirstTask 0x0000036d   Thumb Code    36  port.o(.emb_text)
    __asm___6_port_c_39a90d8d__prvEnableVFP  0x00000395   Thumb Code    16  port.o(.emb_text)
    PendSV_Handler                           0x000003a9   Thumb Code    88  port.o(.emb_text)
    vPortGetIPSR                             0x00000405   Thumb Code     6  port.o(.emb_text)
    Reset_Handler                            0x0000040d   Thumb Code     8  startup_tm4c123.o(.text)
    NMI_Handler                              0x00000415   Thumb Code     2  startup_tm4c123.o(.text)
    HardFault_Handler                        0x00000417   Thumb Code     2  startup_tm4c123.o(.text)
    MemManage_Handler                        0x00000419   Thumb Code     2  startup_tm4c123.o(.text)
    BusFault_Handler                         0x0000041b   Thumb Code     2  startup_tm4c123.o(.text)
    UsageFault_Handler                       0x0000041d   Thumb Code     2  startup_tm4c123.o(.text)
    DebugMon_Handler                         0x00000421   Thumb Code     2  startup_tm4c123.o(.text)
    GPIOA_Handler                            0x00000427   Thumb Code     2  startup_tm4c123.o(.text)
    GPIOC_Handler                            0x0000042b   Thumb Code     2  startup_tm4c123.o(.text)
    GPIOD_Handler                            0x0000042d   Thumb Code     2  startup_tm4c123.o(.text)
    GPIOE_Handler                            0x0000042f   Thumb Code     2  startup_tm4c123.o(.text)
    UART0_Handler                            0x00000431   Thumb Code     2  startup_tm4c123.o(.text)
    UART1_Handler                            0x00000433   Thumb Code     2  startup_tm4c123.o(.text)
    SSI0_Handler                             0x00000435   Thumb Code     2  startup_tm4c123.o(.text)
    I2C0_Handler                             0x00000437   Thumb Code     2  startup_tm4c123.o(.text)
    PMW0_FAULT_Handler                       0x00000439   Thumb Code     2  startup_tm4c123.o(.text)
    PWM0_0_Handler                           0x0000043b   Thumb Code     2  startup_tm4c123.o(.text)
    PWM0_1_Handler                           0x0000043d   Thumb Code     2  startup_tm4c123.o(.text)
    PWM0_2_Handler                           0x0000043f   Thumb Code     2  startup_tm4c123.o(.text)
    QEI0_Handler                             0x00000441   Thumb Code     2  startup_tm4c123.o(.text)
    ADC0SS0_Handler                          0x00000443   Thumb Code     2  startup_tm4c123.o(.text)
    ADC0SS1_Handler                          0x00000445   Thumb Code     2  startup_tm4c123.o(.text)
    ADC0SS2_Handler                          0x00000447   Thumb Code     2  startup_tm4c123.o(.text)
    ADC0SS3_Handler                          0x00000449   Thumb Code     2  startup_tm4c123.o(.text)
    WDT0_Handler                             0x0000044b   Thumb Code     2  startup_tm4c123.o(.text)
    TIMER0A_Handler                          0x0000044d   Thumb Code     2  startup_tm4c123.o(.text)
    TIMER0B_Handler                          0x0000044f   Thumb Code     2  startup_tm4c123.o(.text)
    TIMER1A_Handler                          0x00000451   Thumb Code     2  startup_tm4c123.o(.text)
    TIMER1B_Handler                          0x00000453   Thumb Code     2  startup_tm4c123.o(.text)
    TIMER2A_Handler                          0x00000455   Thumb Code     2  startup_tm4c123.o(.text)
    TIMER2B_Handler                          0x00000457   Thumb Code     2  startup_tm4c123.o(.text)
    COMP0_Handler                            0x00000459   Thumb Code     2  startup_tm4c123.o(.text)
    COMP1_Handler                            0x0000045b   Thumb Code     2  startup_tm4c123.o(.text)
    COMP2_Handler                            0x0000045d   Thumb Code     2  startup_tm4c123.o(.text)
    SYSCTL_Handler                           0x0000045f   Thumb Code     2  startup_tm4c123.o(.text)
    FLASH_Handler                            0x00000461   Thumb Code     2  startup_tm4c123.o(.text)
    GPIOF_Handler                            0x00000463   Thumb Code     2  startup_tm4c123.o(.text)
    GPIOG_Handler                            0x00000465   Thumb Code     2  startup_tm4c123.o(.text)
    GPIOH_Handler                            0x00000467   Thumb Code     2  startup_tm4c123.o(.text)
    UART2_Handler                            0x00000469   Thumb Code     2  startup_tm4c123.o(.text)
    SSI1_Handler                             0x0000046b   Thumb Code     2  startup_tm4c123.o(.text)
    TIMER3A_Handler                          0x0000046d   Thumb Code     2  startup_tm4c123.o(.text)
    TIMER3B_Handler                          0x0000046f   Thumb Code     2  startup_tm4c123.o(.text)
    I2C1_Handler                             0x00000471   Thumb Code     2  startup_tm4c123.o(.text)
    QEI1_Handler                             0x00000473   Thumb Code     2  startup_tm4c123.o(.text)
    CAN0_Handler                             0x00000475   Thumb Code     2  startup_tm4c123.o(.text)
    CAN1_Handler                             0x00000477   Thumb Code     2  startup_tm4c123.o(.text)
    CAN2_Handler                             0x00000479   Thumb Code     2  startup_tm4c123.o(.text)
    HIB_Handler                              0x0000047b   Thumb Code     2  startup_tm4c123.o(.text)
    USB0_Handler                             0x0000047d   Thumb Code     2  startup_tm4c123.o(.text)
    PWM0_3_Handler                           0x0000047f   Thumb Code     2  startup_tm4c123.o(.text)
    UDMA_Handler                             0x00000481   Thumb Code     2  startup_tm4c123.o(.text)
    UDMAERR_Handler                          0x00000483   Thumb Code     2  startup_tm4c123.o(.text)
    ADC1SS0_Handler                          0x00000485   Thumb Code     2  startup_tm4c123.o(.text)
    ADC1SS1_Handler                          0x00000487   Thumb Code     2  startup_tm4c123.o(.text)
    ADC1SS2_Handler                          0x00000489   Thumb Code     2  startup_tm4c123.o(.text)
    ADC1SS3_Handler                          0x0000048b   Thumb Code     2  startup_tm4c123.o(.text)
    GPIOJ_Handler                            0x0000048d   Thumb Code     2  startup_tm4c123.o(.text)
    GPIOK_Handler                            0x0000048f   Thumb Code     2  startup_tm4c123.o(.text)
    GPIOL_Handler                            0x00000491   Thumb Code     2  startup_tm4c123.o(.text)
    SSI2_Handler                             0x00000493   Thumb Code     2  startup_tm4c123.o(.text)
    SSI3_Handler                             0x00000495   Thumb Code     2  startup_tm4c123.o(.text)
    UART3_Handler                            0x00000497   Thumb Code     2  startup_tm4c123.o(.text)
    UART4_Handler                            0x00000499   Thumb Code     2  startup_tm4c123.o(.text)
    UART5_Handler                            0x0000049b   Thumb Code     2  startup_tm4c123.o(.text)
    UART6_Handler                            0x0000049d   Thumb Code     2  startup_tm4c123.o(.text)
    UART7_Handler                            0x0000049f   Thumb Code     2  startup_tm4c123.o(.text)
    I2C2_Handler                             0x000004a1   Thumb Code     2  startup_tm4c123.o(.text)
    I2C3_Handler                             0x000004a3   Thumb Code     2  startup_tm4c123.o(.text)
    TIMER4A_Handler                          0x000004a5   Thumb Code     2  startup_tm4c123.o(.text)
    TIMER4B_Handler                          0x000004a7   Thumb Code     2  startup_tm4c123.o(.text)
    TIMER5A_Handler                          0x000004a9   Thumb Code     2  startup_tm4c123.o(.text)
    TIMER5B_Handler                          0x000004ab   Thumb Code     2  startup_tm4c123.o(.text)
    WTIMER0A_Handler                         0x000004ad   Thumb Code     2  startup_tm4c123.o(.text)
    WTIMER0B_Handler                         0x000004af   Thumb Code     2  startup_tm4c123.o(.text)
    WTIMER1A_Handler                         0x000004b1   Thumb Code     2  startup_tm4c123.o(.text)
    WTIMER1B_Handler                         0x000004b3   Thumb Code     2  startup_tm4c123.o(.text)
    WTIMER2A_Handler                         0x000004b5   Thumb Code     2  startup_tm4c123.o(.text)
    WTIMER2B_Handler                         0x000004b7   Thumb Code     2  startup_tm4c123.o(.text)
    WTIMER3A_Handler                         0x000004b9   Thumb Code     2  startup_tm4c123.o(.text)
    WTIMER3B_Handler                         0x000004bb   Thumb Code     2  startup_tm4c123.o(.text)
    WTIMER4A_Handler                         0x000004bd   Thumb Code     2  startup_tm4c123.o(.text)
    WTIMER4B_Handler                         0x000004bf   Thumb Code     2  startup_tm4c123.o(.text)
    WTIMER5A_Handler                         0x000004c1   Thumb Code     2  startup_tm4c123.o(.text)
    WTIMER5B_Handler                         0x000004c3   Thumb Code     2  startup_tm4c123.o(.text)
    FPU_Handler                              0x000004c5   Thumb Code     2  startup_tm4c123.o(.text)
    I2C4_Handler                             0x000004c7   Thumb Code     2  startup_tm4c123.o(.text)
    I2C5_Handler                             0x000004c9   Thumb Code     2  startup_tm4c123.o(.text)
    GPIOM_Handler                            0x000004cb   Thumb Code     2  startup_tm4c123.o(.text)
    GPION_Handler                            0x000004cd   Thumb Code     2  startup_tm4c123.o(.text)
    QEI2_Handler                             0x000004cf   Thumb Code     2  startup_tm4c123.o(.text)
    GPIOP0_Handler                           0x000004d1   Thumb Code     2  startup_tm4c123.o(.text)
    GPIOP1_Handler                           0x000004d3   Thumb Code     2  startup_tm4c123.o(.text)
    GPIOP2_Handler                           0x000004d5   Thumb Code     2  startup_tm4c123.o(.text)
    GPIOP3_Handler                           0x000004d7   Thumb Code     2  startup_tm4c123.o(.text)
    GPIOP4_Handler                           0x000004d9   Thumb Code     2  startup_tm4c123.o(.text)
    GPIOP5_Handler                           0x000004db   Thumb Code     2  startup_tm4c123.o(.text)
    GPIOP6_Handler                           0x000004dd   Thumb Code     2  startup_tm4c123.o(.text)
    GPIOP7_Handler                           0x000004df   Thumb Code     2  startup_tm4c123.o(.text)
    GPIOQ0_Handler                           0x000004e1   Thumb Code     2  startup_tm4c123.o(.text)
    GPIOQ1_Handler                           0x000004e3   Thumb Code     2  startup_tm4c123.o(.text)
    GPIOQ2_Handler                           0x000004e5   Thumb Code     2  startup_tm4c123.o(.text)
    GPIOQ3_Handler                           0x000004e7   Thumb Code     2  startup_tm4c123.o(.text)
    GPIOQ4_Handler                           0x000004e9   Thumb Code     2  startup_tm4c123.o(.text)
    GPIOQ5_Handler                           0x000004eb   Thumb Code     2  startup_tm4c123.o(.text)
    GPIOQ6_Handler                           0x000004ed   Thumb Code     2  startup_tm4c123.o(.text)
    GPIOQ7_Handler                           0x000004ef   Thumb Code     2  startup_tm4c123.o(.text)
    GPIOR_Handler                            0x000004f1   Thumb Code     2  startup_tm4c123.o(.text)
    GPIOS_Handler                            0x000004f3   Thumb Code     2  startup_tm4c123.o(.text)
    PMW1_0_Handler                           0x000004f5   Thumb Code     2  startup_tm4c123.o(.text)
    PWM1_1_Handler                           0x000004f7   Thumb Code     2  startup_tm4c123.o(.text)
    PWM1_2_Handler                           0x000004f9   Thumb Code     2  startup_tm4c123.o(.text)
    PWM1_3_Handler                           0x000004fb   Thumb Code     2  startup_tm4c123.o(.text)
    PWM1_FAULT_Handler                       0x000004fd   Thumb Code     2  startup_tm4c123.o(.text)
    __user_initial_stackheap                 0x00000501   Thumb Code     0  startup_tm4c123.o(.text)
    __aeabi_memcpy                           0x00000521   Thumb Code     0  rt_memcpy_v6.o(.text)
    __rt_memcpy                              0x00000521   Thumb Code   138  rt_memcpy_v6.o(.text)
    _memcpy_lastbytes                        0x00000587   Thumb Code     0  rt_memcpy_v6.o(.text)
    __aeabi_memset                           0x000005ab   Thumb Code    16  aeabi_memset.o(.text)
    __aeabi_memclr4                          0x000005bb   Thumb Code     0  rt_memclr_w.o(.text)
    __aeabi_memclr8                          0x000005bb   Thumb Code     0  rt_memclr_w.o(.text)
    __rt_memclr_w                            0x000005bb   Thumb Code    78  rt_memclr_w.o(.text)
    _memset_w                                0x000005bf   Thumb Code     0  rt_memclr_w.o(.text)
    strcmp                                   0x00000609   Thumb Code   128  strcmpv7m.o(.text)
    __use_two_region_memory                  0x00000689   Thumb Code     2  heapauxi.o(.text)
    __rt_heap_escrow$2region                 0x0000068b   Thumb Code     2  heapauxi.o(.text)
    __rt_heap_expand$2region                 0x0000068d   Thumb Code     2  heapauxi.o(.text)
    __aeabi_memcpy4                          0x0000068f   Thumb Code     0  rt_memcpy_w.o(.text)
    __aeabi_memcpy8                          0x0000068f   Thumb Code     0  rt_memcpy_w.o(.text)
    __rt_memcpy_w                            0x0000068f   Thumb Code   100  rt_memcpy_w.o(.text)
    _memcpy_lastbytes_aligned                0x000006d7   Thumb Code     0  rt_memcpy_w.o(.text)
    __aeabi_memclr                           0x000006f3   Thumb Code     0  rt_memclr.o(.text)
    __rt_memclr                              0x000006f3   Thumb Code    68  rt_memclr.o(.text)
    _memset                                  0x000006f7   Thumb Code     0  rt_memclr.o(.text)
    __user_setup_stackheap                   0x00000737   Thumb Code    74  sys_stackheap_outer.o(.text)
    exit                                     0x00000781   Thumb Code    18  exit.o(.text)
    __user_libspace                          0x00000795   Thumb Code     8  libspace.o(.text)
    __user_perproc_libspace                  0x00000795   Thumb Code     0  libspace.o(.text)
    __user_perthread_libspace                0x00000795   Thumb Code     0  libspace.o(.text)
    _sys_exit                                0x0000079d   Thumb Code     8  sys_exit.o(.text)
    __I$use$semihosting                      0x000007a9   Thumb Code     0  use_no_semi.o(.text)
    __use_no_semihosting_swi                 0x000007a9   Thumb Code     2  use_no_semi.o(.text)
    __semihosting_library_function           0x000007ab   Thumb Code     0  indicate_semi.o(.text)
    CLK_Enable                               0x000007ad   Thumb Code    30  gpio_driver.o(i.CLK_Enable)
    CLK_Enable_GPTM_Module                   0x000007d5   Thumb Code    16  gptm_driver.o(i.CLK_Enable_GPTM_Module)
    Enable_Timer_Number                      0x000007e9   Thumb Code    70  gptm_driver.o(i.Enable_Timer_Number)
    GPIOB_Handler                            0x00000845   Thumb Code   202  main.o(i.GPIOB_Handler)
    GPIO_PORT_LOCK                           0x00000921   Thumb Code    36  gpio_driver.o(i.GPIO_PORT_LOCK)
    Micro_Clock                              0x00000951   Thumb Code    34  main.o(i.Micro_Clock)
    Normal_Task_Cars                         0x00000975   Thumb Code    28  main.o(i.Normal_Task_Cars)
    North_South_Stop                         0x00000999   Thumb Code    32  main.o(i.North_South_Stop)
    PIN_ANALOG_DIGITAL                       0x000009c1   Thumb Code   154  gpio_driver.o(i.PIN_ANALOG_DIGITAL)
    PIN_Both_Edge_Trigger                    0x00000a75   Thumb Code    92  interrupt_driver.o(i.PIN_Both_Edge_Trigger)
    PIN_Clear_Interrupt                      0x00000ae5   Thumb Code    34  interrupt_driver.o(i.PIN_Clear_Interrupt)
    PIN_Edge_Level_Trigger                   0x00000b0d   Thumb Code    92  interrupt_driver.o(i.PIN_Edge_Level_Trigger)
    PIN_FUNCTION_SELECT                      0x00000b8d   Thumb Code    92  gpio_driver.o(i.PIN_FUNCTION_SELECT)
    PIN_INPUT_OUTPUT                         0x00000c05   Thumb Code    92  gpio_driver.o(i.PIN_INPUT_OUTPUT)
    PIN_Interrupt_Flag                       0x00000c75   Thumb Code    30  interrupt_driver.o(i.PIN_Interrupt_Flag)
    PIN_PULLUP_RESISTOR                      0x00000c99   Thumb Code    92  gpio_driver.o(i.PIN_PULLUP_RESISTOR)
    PIN_Rising_Falling_Trigger               0x00000d0d   Thumb Code    92  interrupt_driver.o(i.PIN_Rising_Falling_Trigger)
    PIN_Unmask                               0x00000d7d   Thumb Code    34  interrupt_driver.o(i.PIN_Unmask)
    PIN_WRITE_DIGITAL                        0x00000da5   Thumb Code    82  gpio_driver.o(i.PIN_WRITE_DIGITAL)
    Ports_Initialization                     0x00000e05   Thumb Code   880  main.o(i.Ports_Initialization)
    Red_Flash                                0x000011c9   Thumb Code    72  main.o(i.Red_Flash)
    Servo_Horizontal                         0x00001221   Thumb Code    52  main.o(i.Servo_Horizontal)
    Servo_Vertical                           0x00001261   Thumb Code    52  main.o(i.Servo_Vertical)
    Siren_Off                                0x000012a1   Thumb Code    14  main.o(i.Siren_Off)
    Siren_On                                 0x000012b5   Thumb Code    52  main.o(i.Siren_On)
    Start_East_West                          0x000012f9   Thumb Code    36  main.o(i.Start_East_West)
    Start_North_South                        0x00001325   Thumb Code    36  main.o(i.Start_North_South)
    SysTick_Handler                          0x00001351   Thumb Code    46  port.o(i.SysTick_Handler)
    SystemInit                               0x00001385   Thumb Code   112  system_tm4c123.o(i.SystemInit)
    Timer_Initialization                     0x0000141d   Thumb Code    50  main.o(i.Timer_Initialization)
    Timer_Number_Clear                       0x00001471   Thumb Code    12  gptm_driver.o(i.Timer_Number_Clear)
    Timer_Number_Flag                        0x00001481   Thumb Code    16  gptm_driver.o(i.Timer_Number_Flag)
    Timer_Number_Mode                        0x00001495   Thumb Code   102  gptm_driver.o(i.Timer_Number_Mode)
    Timer_Number_Option                      0x00001521   Thumb Code    72  gptm_driver.o(i.Timer_Number_Option)
    Timer_Number_Ticks                       0x00001579   Thumb Code    22  gptm_driver.o(i.Timer_Number_Ticks)
    Train_Task                               0x00001599   Thumb Code    76  main.o(i.Train_Task)
    Turn_Off_Leds                            0x000015e9   Thumb Code    44  main.o(i.Turn_Off_Leds)
    West_East_Stop                           0x00001619   Thumb Code    32  main.o(i.West_East_Stop)
    eTaskConfirmSleepModeStatus              0x00001641   Thumb Code    42  tasks.o(i.eTaskConfirmSleepModeStatus)
    main                                     0x0000167d   Thumb Code   140  main.o(i.main)
    pvPortMalloc                             0x000021a5   Thumb Code    98  heap_1.o(i.pvPortMalloc)
    pvTaskIncrementMutexHeldCount            0x00002215   Thumb Code    26  tasks.o(i.pvTaskIncrementMutexHeldCount)
    pxPortInitialiseStack                    0x00002235   Thumb Code    38  port.o(i.pxPortInitialiseStack)
    uxListRemove                             0x00002261   Thumb Code    40  list.o(i.uxListRemove)
    vListInitialise                          0x00002289   Thumb Code    26  list.o(i.vListInitialise)
    vListInitialiseItem                      0x000022a3   Thumb Code     6  list.o(i.vListInitialiseItem)
    vListInsert                              0x000022a9   Thumb Code    52  list.o(i.vListInsert)
    vListInsertEnd                           0x000022dd   Thumb Code    24  list.o(i.vListInsertEnd)
    vPortEnterCritical                       0x000022f5   Thumb Code    76  port.o(i.vPortEnterCritical)
    vPortExitCritical                        0x00002349   Thumb Code    56  port.o(i.vPortExitCritical)
    vPortFree                                0x00002385   Thumb Code    34  heap_1.o(i.vPortFree)
    vPortSetupTimerInterrupt                 0x000023a9   Thumb Code    86  port.o(i.vPortSetupTimerInterrupt)
    vPortSuppressTicksAndSleep               0x00002411   Thumb Code   320  port.o(i.vPortSuppressTicksAndSleep)
    vPortValidateInterruptPriority           0x0000255d   Thumb Code   106  port.o(i.vPortValidateInterruptPriority)
    vQueueWaitForMessageRestricted           0x000025d5   Thumb Code    74  queue.o(i.vQueueWaitForMessageRestricted)
    vTaskDelay                               0x00002621   Thumb Code    82  tasks.o(i.vTaskDelay)
    vTaskInternalSetTimeOutState             0x0000267d   Thumb Code    14  tasks.o(i.vTaskInternalSetTimeOutState)
    vTaskMissedYield                         0x00002695   Thumb Code     8  tasks.o(i.vTaskMissedYield)
    vTaskPlaceOnEventList                    0x000026a1   Thumb Code    52  tasks.o(i.vTaskPlaceOnEventList)
    vTaskPlaceOnEventListRestricted          0x000026d9   Thumb Code    60  tasks.o(i.vTaskPlaceOnEventListRestricted)
    vTaskPriorityDisinheritAfterTimeout      0x00002719   Thumb Code   216  tasks.o(i.vTaskPriorityDisinheritAfterTimeout)
    vTaskStartScheduler                      0x000027fd   Thumb Code   118  tasks.o(i.vTaskStartScheduler)
    vTaskStepTick                            0x00002891   Thumb Code    56  tasks.o(i.vTaskStepTick)
    vTaskSuspendAll                          0x000028d1   Thumb Code    12  tasks.o(i.vTaskSuspendAll)
    vTaskSwitchContext                       0x000028e1   Thumb Code   118  tasks.o(i.vTaskSwitchContext)
    xPortStartScheduler                      0x0000296d   Thumb Code   372  port.o(i.xPortStartScheduler)
    xQueueGenericCreate                      0x00002afd   Thumb Code    84  queue.o(i.xQueueGenericCreate)
    xQueueGenericReset                       0x00002b51   Thumb Code   146  queue.o(i.xQueueGenericReset)
    xQueueGenericSend                        0x00002be9   Thumb Code   466  queue.o(i.xQueueGenericSend)
    xQueueGenericSendFromISR                 0x00002dc1   Thumb Code   274  queue.o(i.xQueueGenericSendFromISR)
    xQueueGiveFromISR                        0x00002ed3   Thumb Code   244  queue.o(i.xQueueGiveFromISR)
    xQueueReceive                            0x00002fc9   Thumb Code   356  queue.o(i.xQueueReceive)
    xQueueSemaphoreTake                      0x00003131   Thumb Code   434  queue.o(i.xQueueSemaphoreTake)
    xTaskCheckForTimeOut                     0x000032e9   Thumb Code   156  tasks.o(i.xTaskCheckForTimeOut)
    xTaskCreate                              0x00003391   Thumb Code    96  tasks.o(i.xTaskCreate)
    xTaskGetSchedulerState                   0x000033f1   Thumb Code    24  tasks.o(i.xTaskGetSchedulerState)
    xTaskGetTickCount                        0x00003411   Thumb Code     6  tasks.o(i.xTaskGetTickCount)
    xTaskIncrementTick                       0x0000341d   Thumb Code   282  tasks.o(i.xTaskIncrementTick)
    xTaskPriorityDisinherit                  0x00003565   Thumb Code   188  tasks.o(i.xTaskPriorityDisinherit)
    xTaskPriorityInherit                     0x0000362d   Thumb Code   172  tasks.o(i.xTaskPriorityInherit)
    xTaskRemoveFromEventList                 0x000036e5   Thumb Code   132  tasks.o(i.xTaskRemoveFromEventList)
    xTaskResumeAll                           0x00003781   Thumb Code   224  tasks.o(i.xTaskResumeAll)
    xTimerCreateTimerTask                    0x00003885   Thumb Code    66  timers.o(i.xTimerCreateTimerTask)
    xTimerGenericCommand                     0x000038dd   Thumb Code   128  timers.o(i.xTimerGenericCommand)
    _fp_init                                 0x00003961   Thumb Code    10  fpinit.o(x$fpl$fpinit)
    __fplib_config_fpu_vfp                   0x00003969   Thumb Code     0  fpinit.o(x$fpl$fpinit)
    __fplib_config_pureend_doubles           0x00003969   Thumb Code     0  fpinit.o(x$fpl$fpinit)
    Region$$Table$$Base                      0x0000396c   Number         0  anon$$obj.o(Region$$Table)
    Region$$Table$$Limit                     0x0000398c   Number         0  anon$$obj.o(Region$$Table)
    xBinarySemaphore_1                       0x20000000   Data           4  main.o(.data)
    xBinarySemaphore_2                       0x20000004   Data           4  main.o(.data)
    xBinarySemaphore_3                       0x20000008   Data           4  main.o(.data)
    North_South_Green_Time                   0x2000000c   Data           4  main.o(.data)
    East_West_Green_Time                     0x20000010   Data           4  main.o(.data)
    North_South_Red_Time                     0x20000014   Data           4  main.o(.data)
    East_West_Red_Time                       0x20000018   Data           4  main.o(.data)
    CLK_PORTS                                0x20000020   Data          24  gpio_driver.o(.data)
    AMSEL_R                                  0x20000038   Data          24  gpio_driver.o(.data)
    DEN_R                                    0x20000050   Data          24  gpio_driver.o(.data)
    AFSEL_R                                  0x20000068   Data          24  gpio_driver.o(.data)
    DIR_R                                    0x20000080   Data          24  gpio_driver.o(.data)
    PUR_R                                    0x20000098   Data          24  gpio_driver.o(.data)
    DATA_R                                   0x200000b0   Data          24  gpio_driver.o(.data)
    PCTL_R                                   0x200000c8   Data          24  gpio_driver.o(.data)
    PORT_IS_R                                0x200000e0   Data          24  interrupt_driver.o(.data)
    PORT_IBE_R                               0x200000f8   Data          24  interrupt_driver.o(.data)
    PORT_IEV_R                               0x20000110   Data          24  interrupt_driver.o(.data)
    PORT_ICR_R                               0x20000128   Data          24  interrupt_driver.o(.data)
    PORT_IM_R                                0x20000140   Data          24  interrupt_driver.o(.data)
    PORT_MIS_R                               0x20000158   Data          24  interrupt_driver.o(.data)
    UART_IM_R                                0x20000170   Data          24  interrupt_driver.o(.data)
    UART_MIS_R                               0x20000188   Data          24  interrupt_driver.o(.data)
    UART_ICR_R                               0x200001a0   Data          24  interrupt_driver.o(.data)
    GPTM_ICR_R                               0x200001b8   Data          24  interrupt_driver.o(.data)
    GPTM_MIS_R                               0x200001d0   Data          24  interrupt_driver.o(.data)
    GPTM_IMR_R                               0x200001e8   Data          24  interrupt_driver.o(.data)
    TIMERS_R                                 0x20000200   Data          24  gptm_driver.o(.data)
    TIMERS_CFG_R                             0x20000218   Data          24  gptm_driver.o(.data)
    TIMERS_TAMR_R                            0x20000230   Data          24  gptm_driver.o(.data)
    TIMERS_Aload_R                           0x20000248   Data          24  gptm_driver.o(.data)
    TIMERS_Clear_R                           0x20000260   Data          24  gptm_driver.o(.data)
    TIMERS_Flag_R                            0x20000278   Data          24  gptm_driver.o(.data)
    SystemCoreClock                          0x20000290   Data           4  system_tm4c123.o(.data)
    pxCurrentTCB                             0x200002b4   Data           4  tasks.o(.data)
    __libspace_start                         0x20002bf4   Data          96  libspace.o(.bss)
    __temporary_stack_top$libspace           0x20002c54   Data           0  libspace.o(.bss)



==============================================================================

Memory Map of the image

  Image Entry point : 0x0000040d

  Load Region LR_1 (Base: 0x00000000, Size: 0x00003c90, Max: 0xffffffff, ABSOLUTE, COMPRESSED[0x00003b6c])

    Execution Region ER_RO (Exec base: 0x00000000, Load base: 0x00000000, Size: 0x0000398c, Max: 0xffffffff, ABSOLUTE)

    Exec Addr    Load Addr    Size         Type   Attr      Idx    E Section Name        Object

    0x00000000   0x00000000   0x0000026c   Data   RO          459    RESET               startup_tm4c123.o
    0x0000026c   0x0000026c   0x00000008   Code   RO         1923  * !!!main             c_w.l(__main.o)
    0x00000274   0x00000274   0x00000034   Code   RO         2088    !!!scatter          c_w.l(__scatter.o)
    0x000002a8   0x000002a8   0x0000005a   Code   RO         2086    !!dczerorl2         c_w.l(__dczerorl2.o)
    0x00000302   0x00000302   0x00000002   PAD
    0x00000304   0x00000304   0x0000001c   Code   RO         2090    !!handler_zi        c_w.l(__scatter_zi.o)
    0x00000320   0x00000320   0x00000002   Code   RO         1954    .ARM.Collect$$libinit$$00000000  c_w.l(libinit.o)
    0x00000322   0x00000322   0x00000004   Code   RO         1960    .ARM.Collect$$libinit$$00000001  c_w.l(libinit2.o)
    0x00000326   0x00000326   0x00000000   Code   RO         1963    .ARM.Collect$$libinit$$00000004  c_w.l(libinit2.o)
    0x00000326   0x00000326   0x00000000   Code   RO         1966    .ARM.Collect$$libinit$$0000000A  c_w.l(libinit2.o)
    0x00000326   0x00000326   0x00000000   Code   RO         1968    .ARM.Collect$$libinit$$0000000C  c_w.l(libinit2.o)
    0x00000326   0x00000326   0x00000000   Code   RO         1970    .ARM.Collect$$libinit$$0000000E  c_w.l(libinit2.o)
    0x00000326   0x00000326   0x00000000   Code   RO         1973    .ARM.Collect$$libinit$$00000011  c_w.l(libinit2.o)
    0x00000326   0x00000326   0x00000000   Code   RO         1975    .ARM.Collect$$libinit$$00000013  c_w.l(libinit2.o)
    0x00000326   0x00000326   0x00000000   Code   RO         1977    .ARM.Collect$$libinit$$00000015  c_w.l(libinit2.o)
    0x00000326   0x00000326   0x00000000   Code   RO         1979    .ARM.Collect$$libinit$$00000017  c_w.l(libinit2.o)
    0x00000326   0x00000326   0x00000000   Code   RO         1981    .ARM.Collect$$libinit$$00000019  c_w.l(libinit2.o)
    0x00000326   0x00000326   0x00000000   Code   RO         1983    .ARM.Collect$$libinit$$0000001B  c_w.l(libinit2.o)
    0x00000326   0x00000326   0x00000000   Code   RO         1985    .ARM.Collect$$libinit$$0000001D  c_w.l(libinit2.o)
    0x00000326   0x00000326   0x00000000   Code   RO         1987    .ARM.Collect$$libinit$$0000001F  c_w.l(libinit2.o)
    0x00000326   0x00000326   0x00000000   Code   RO         1989    .ARM.Collect$$libinit$$00000021  c_w.l(libinit2.o)
    0x00000326   0x00000326   0x00000000   Code   RO         1991    .ARM.Collect$$libinit$$00000023  c_w.l(libinit2.o)
    0x00000326   0x00000326   0x00000000   Code   RO         1993    .ARM.Collect$$libinit$$00000025  c_w.l(libinit2.o)
    0x00000326   0x00000326   0x00000000   Code   RO         1997    .ARM.Collect$$libinit$$0000002C  c_w.l(libinit2.o)
    0x00000326   0x00000326   0x00000000   Code   RO         1999    .ARM.Collect$$libinit$$0000002E  c_w.l(libinit2.o)
    0x00000326   0x00000326   0x00000000   Code   RO         2001    .ARM.Collect$$libinit$$00000030  c_w.l(libinit2.o)
    0x00000326   0x00000326   0x00000000   Code   RO         2003    .ARM.Collect$$libinit$$00000032  c_w.l(libinit2.o)
    0x00000326   0x00000326   0x00000002   Code   RO         2004    .ARM.Collect$$libinit$$00000033  c_w.l(libinit2.o)
    0x00000328   0x00000328   0x00000002   Code   RO         2024    .ARM.Collect$$libshutdown$$00000000  c_w.l(libshutdown.o)
    0x0000032a   0x0000032a   0x00000000   Code   RO         2037    .ARM.Collect$$libshutdown$$00000002  c_w.l(libshutdown2.o)
    0x0000032a   0x0000032a   0x00000000   Code   RO         2039    .ARM.Collect$$libshutdown$$00000004  c_w.l(libshutdown2.o)
    0x0000032a   0x0000032a   0x00000000   Code   RO         2041    .ARM.Collect$$libshutdown$$00000006  c_w.l(libshutdown2.o)
    0x0000032a   0x0000032a   0x00000000   Code   RO         2044    .ARM.Collect$$libshutdown$$00000009  c_w.l(libshutdown2.o)
    0x0000032a   0x0000032a   0x00000000   Code   RO         2047    .ARM.Collect$$libshutdown$$0000000C  c_w.l(libshutdown2.o)
    0x0000032a   0x0000032a   0x00000000   Code   RO         2049    .ARM.Collect$$libshutdown$$0000000E  c_w.l(libshutdown2.o)
    0x0000032a   0x0000032a   0x00000000   Code   RO         2052    .ARM.Collect$$libshutdown$$00000011  c_w.l(libshutdown2.o)
    0x0000032a   0x0000032a   0x00000002   Code   RO         2053    .ARM.Collect$$libshutdown$$00000012  c_w.l(libshutdown2.o)
    0x0000032c   0x0000032c   0x00000000   Code   RO         1925    .ARM.Collect$$rtentry$$00000000  c_w.l(__rtentry.o)
    0x0000032c   0x0000032c   0x00000000   Code   RO         1931    .ARM.Collect$$rtentry$$00000002  c_w.l(__rtentry2.o)
    0x0000032c   0x0000032c   0x00000006   Code   RO         1943    .ARM.Collect$$rtentry$$00000004  c_w.l(__rtentry4.o)
    0x00000332   0x00000332   0x00000000   Code   RO         1933    .ARM.Collect$$rtentry$$00000009  c_w.l(__rtentry2.o)
    0x00000332   0x00000332   0x00000004   Code   RO         1934    .ARM.Collect$$rtentry$$0000000A  c_w.l(__rtentry2.o)
    0x00000336   0x00000336   0x00000000   Code   RO         1936    .ARM.Collect$$rtentry$$0000000C  c_w.l(__rtentry2.o)
    0x00000336   0x00000336   0x00000008   Code   RO         1937    .ARM.Collect$$rtentry$$0000000D  c_w.l(__rtentry2.o)
    0x0000033e   0x0000033e   0x00000002   Code   RO         1958    .ARM.Collect$$rtexit$$00000000  c_w.l(rtexit.o)
    0x00000340   0x00000340   0x00000000   Code   RO         2006    .ARM.Collect$$rtexit$$00000002  c_w.l(rtexit2.o)
    0x00000340   0x00000340   0x00000004   Code   RO         2007    .ARM.Collect$$rtexit$$00000003  c_w.l(rtexit2.o)
    0x00000344   0x00000344   0x00000006   Code   RO         2008    .ARM.Collect$$rtexit$$00000004  c_w.l(rtexit2.o)
    0x0000034a   0x0000034a   0x00000002   PAD
    0x0000034c   0x0000034c   0x000000be   Code   RO          796    .emb_text           port.o
    0x0000040a   0x0000040a   0x00000002   PAD
    0x0000040c   0x0000040c   0x00000114   Code   RO          460  * .text               startup_tm4c123.o
    0x00000520   0x00000520   0x0000008a   Code   RO         1911    .text               c_w.l(rt_memcpy_v6.o)
    0x000005aa   0x000005aa   0x00000010   Code   RO         1915    .text               c_w.l(aeabi_memset.o)
    0x000005ba   0x000005ba   0x0000004e   Code   RO         1917    .text               c_w.l(rt_memclr_w.o)
    0x00000608   0x00000608   0x00000080   Code   RO         1919    .text               c_w.l(strcmpv7m.o)
    0x00000688   0x00000688   0x00000006   Code   RO         1921    .text               c_w.l(heapauxi.o)
    0x0000068e   0x0000068e   0x00000064   Code   RO         1926    .text               c_w.l(rt_memcpy_w.o)
    0x000006f2   0x000006f2   0x00000044   Code   RO         1928    .text               c_w.l(rt_memclr.o)
    0x00000736   0x00000736   0x0000004a   Code   RO         1945    .text               c_w.l(sys_stackheap_outer.o)
    0x00000780   0x00000780   0x00000012   Code   RO         1947    .text               c_w.l(exit.o)
    0x00000792   0x00000792   0x00000002   PAD
    0x00000794   0x00000794   0x00000008   Code   RO         1955    .text               c_w.l(libspace.o)
    0x0000079c   0x0000079c   0x0000000c   Code   RO         2016    .text               c_w.l(sys_exit.o)
    0x000007a8   0x000007a8   0x00000002   Code   RO         2027    .text               c_w.l(use_no_semi.o)
    0x000007aa   0x000007aa   0x00000000   Code   RO         2029    .text               c_w.l(indicate_semi.o)
    0x000007aa   0x000007aa   0x00000002   PAD
    0x000007ac   0x000007ac   0x00000028   Code   RO          226    i.CLK_Enable        gpio_driver.o
    0x000007d4   0x000007d4   0x00000014   Code   RO          393    i.CLK_Enable_GPTM_Module  gptm_driver.o
    0x000007e8   0x000007e8   0x0000005c   Code   RO          394    i.Enable_Timer_Number  gptm_driver.o
    0x00000844   0x00000844   0x000000dc   Code   RO            4    i.GPIOB_Handler     main.o
    0x00000920   0x00000920   0x00000030   Code   RO          227    i.GPIO_PORT_LOCK    gpio_driver.o
    0x00000950   0x00000950   0x00000022   Code   RO            5    i.Micro_Clock       main.o
    0x00000972   0x00000972   0x00000002   PAD
    0x00000974   0x00000974   0x00000024   Code   RO            6    i.Normal_Task_Cars  main.o
    0x00000998   0x00000998   0x00000028   Code   RO            7    i.North_South_Stop  main.o
    0x000009c0   0x000009c0   0x000000b4   Code   RO          228    i.PIN_ANALOG_DIGITAL  gpio_driver.o
    0x00000a74   0x00000a74   0x00000070   Code   RO          301    i.PIN_Both_Edge_Trigger  interrupt_driver.o
    0x00000ae4   0x00000ae4   0x00000028   Code   RO          302    i.PIN_Clear_Interrupt  interrupt_driver.o
    0x00000b0c   0x00000b0c   0x00000080   Code   RO          303    i.PIN_Edge_Level_Trigger  interrupt_driver.o
    0x00000b8c   0x00000b8c   0x00000078   Code   RO          230    i.PIN_FUNCTION_SELECT  gpio_driver.o
    0x00000c04   0x00000c04   0x00000070   Code   RO          231    i.PIN_INPUT_OUTPUT  gpio_driver.o
    0x00000c74   0x00000c74   0x00000024   Code   RO          304    i.PIN_Interrupt_Flag  interrupt_driver.o
    0x00000c98   0x00000c98   0x00000074   Code   RO          232    i.PIN_PULLUP_RESISTOR  gpio_driver.o
    0x00000d0c   0x00000d0c   0x00000070   Code   RO          305    i.PIN_Rising_Falling_Trigger  interrupt_driver.o
    0x00000d7c   0x00000d7c   0x00000028   Code   RO          306    i.PIN_Unmask        interrupt_driver.o
    0x00000da4   0x00000da4   0x00000060   Code   RO          234    i.PIN_WRITE_DIGITAL  gpio_driver.o
    0x00000e04   0x00000e04   0x000003c4   Code   RO            8    i.Ports_Initialization  main.o
    0x000011c8   0x000011c8   0x00000058   Code   RO            9    i.Red_Flash         main.o
    0x00001220   0x00001220   0x00000040   Code   RO           10    i.Servo_Horizontal  main.o
    0x00001260   0x00001260   0x00000040   Code   RO           11    i.Servo_Vertical    main.o
    0x000012a0   0x000012a0   0x00000014   Code   RO           12    i.Siren_Off         main.o
    0x000012b4   0x000012b4   0x00000044   Code   RO           13    i.Siren_On          main.o
    0x000012f8   0x000012f8   0x0000002c   Code   RO           14    i.Start_East_West   main.o
    0x00001324   0x00001324   0x0000002c   Code   RO           15    i.Start_North_South  main.o
    0x00001350   0x00001350   0x00000034   Code   RO          797    i.SysTick_Handler   port.o
    0x00001384   0x00001384   0x00000098   Code   RO          468    i.SystemInit        system_tm4c123.o
    0x0000141c   0x0000141c   0x00000054   Code   RO           17    i.Timer_Initialization  main.o
    0x00001470   0x00001470   0x00000010   Code   RO          396    i.Timer_Number_Clear  gptm_driver.o
    0x00001480   0x00001480   0x00000014   Code   RO          397    i.Timer_Number_Flag  gptm_driver.o
    0x00001494   0x00001494   0x0000008c   Code   RO          398    i.Timer_Number_Mode  gptm_driver.o
    0x00001520   0x00001520   0x00000058   Code   RO          399    i.Timer_Number_Option  gptm_driver.o
    0x00001578   0x00001578   0x00000020   Code   RO          400    i.Timer_Number_Ticks  gptm_driver.o
    0x00001598   0x00001598   0x00000050   Code   RO           18    i.Train_Task        main.o
    0x000015e8   0x000015e8   0x00000030   Code   RO           19    i.Turn_Off_Leds     main.o
    0x00001618   0x00001618   0x00000028   Code   RO           20    i.West_East_Stop    main.o
    0x00001640   0x00001640   0x0000003c   Code   RO         1311    i.eTaskConfirmSleepModeStatus  tasks.o
    0x0000167c   0x0000167c   0x000000c8   Code   RO           21    i.main              main.o
    0x00001744   0x00001744   0x000000a4   Code   RO         1314    i.prvAddCurrentTaskToDelayedList  tasks.o
    0x000017e8   0x000017e8   0x000000b8   Code   RO         1315    i.prvAddNewTaskToReadyList  tasks.o
    0x000018a0   0x000018a0   0x0000004c   Code   RO         1741    i.prvCheckForValidListAndQueue  timers.o
    0x000018ec   0x000018ec   0x00000048   Code   RO         1316    i.prvCheckTasksWaitingTermination  tasks.o
    0x00001934   0x00001934   0x0000002a   Code   RO          891    i.prvCopyDataFromQueue  queue.o
    0x0000195e   0x0000195e   0x0000007e   Code   RO          892    i.prvCopyDataToQueue  queue.o
    0x000019dc   0x000019dc   0x00000012   Code   RO         1317    i.prvDeleteTCB      tasks.o
    0x000019ee   0x000019ee   0x00000014   Code   RO          893    i.prvGetDisinheritPriorityAfterTimeout  queue.o
    0x00001a02   0x00001a02   0x00000002   PAD
    0x00001a04   0x00001a04   0x0000004c   Code   RO         1318    i.prvGetExpectedIdleTime  tasks.o
    0x00001a50   0x00001a50   0x00000028   Code   RO         1742    i.prvGetNextExpireTime  timers.o
    0x00001a78   0x00001a78   0x0000007c   Code   RO         1319    i.prvIdleTask       tasks.o
    0x00001af4   0x00001af4   0x0000002e   Code   RO          895    i.prvInitialiseNewQueue  queue.o
    0x00001b22   0x00001b22   0x000000c2   Code   RO         1320    i.prvInitialiseNewTask  tasks.o
    0x00001be4   0x00001be4   0x00000068   Code   RO         1321    i.prvInitialiseTaskLists  tasks.o
    0x00001c4c   0x00001c4c   0x00000058   Code   RO         1744    i.prvInsertTimerInActiveList  timers.o
    0x00001ca4   0x00001ca4   0x0000001a   Code   RO          896    i.prvIsQueueEmpty   queue.o
    0x00001cbe   0x00001cbe   0x0000001e   Code   RO          897    i.prvIsQueueFull    queue.o
    0x00001cdc   0x00001cdc   0x0000008a   Code   RO          898    i.prvNotifyQueueSetContainer  queue.o
    0x00001d66   0x00001d66   0x00000002   PAD
    0x00001d68   0x00001d68   0x00000074   Code   RO         1745    i.prvProcessExpiredTimer  timers.o
    0x00001ddc   0x00001ddc   0x00000164   Code   RO         1746    i.prvProcessReceivedCommands  timers.o
    0x00001f40   0x00001f40   0x00000074   Code   RO         1747    i.prvProcessTimerOrBlockTask  timers.o
    0x00001fb4   0x00001fb4   0x00000034   Code   RO         1323    i.prvResetNextTaskUnblockTime  tasks.o
    0x00001fe8   0x00001fe8   0x0000002c   Code   RO         1748    i.prvSampleTimeNow  timers.o
    0x00002014   0x00002014   0x000000a4   Code   RO         1749    i.prvSwitchTimerLists  timers.o
    0x000020b8   0x000020b8   0x00000040   Code   RO          798    i.prvTaskExitError  port.o
    0x000020f8   0x000020f8   0x0000001a   Code   RO         1750    i.prvTimerTask      timers.o
    0x00002112   0x00002112   0x00000090   Code   RO          899    i.prvUnlockQueue    queue.o
    0x000021a2   0x000021a2   0x00000002   PAD
    0x000021a4   0x000021a4   0x00000070   Code   RO          739    i.pvPortMalloc      heap_1.o
    0x00002214   0x00002214   0x00000020   Code   RO         1327    i.pvTaskIncrementMutexHeldCount  tasks.o
    0x00002234   0x00002234   0x0000002c   Code   RO          799    i.pxPortInitialiseStack  port.o
    0x00002260   0x00002260   0x00000028   Code   RO          688    i.uxListRemove      list.o
    0x00002288   0x00002288   0x0000001a   Code   RO          689    i.vListInitialise   list.o
    0x000022a2   0x000022a2   0x00000006   Code   RO          690    i.vListInitialiseItem  list.o
    0x000022a8   0x000022a8   0x00000034   Code   RO          691    i.vListInsert       list.o
    0x000022dc   0x000022dc   0x00000018   Code   RO          692    i.vListInsertEnd    list.o
    0x000022f4   0x000022f4   0x00000054   Code   RO          801    i.vPortEnterCritical  port.o
    0x00002348   0x00002348   0x0000003c   Code   RO          802    i.vPortExitCritical  port.o
    0x00002384   0x00002384   0x00000022   Code   RO          740    i.vPortFree         heap_1.o
    0x000023a6   0x000023a6   0x00000002   PAD
    0x000023a8   0x000023a8   0x00000068   Code   RO          803    i.vPortSetupTimerInterrupt  port.o
    0x00002410   0x00002410   0x0000014c   Code   RO          804    i.vPortSuppressTicksAndSleep  port.o
    0x0000255c   0x0000255c   0x00000078   Code   RO          805    i.vPortValidateInterruptPriority  port.o
    0x000025d4   0x000025d4   0x0000004a   Code   RO          907    i.vQueueWaitForMessageRestricted  queue.o
    0x0000261e   0x0000261e   0x00000002   PAD
    0x00002620   0x00002620   0x0000005c   Code   RO         1338    i.vTaskDelay        tasks.o
    0x0000267c   0x0000267c   0x00000018   Code   RO         1343    i.vTaskInternalSetTimeOutState  tasks.o
    0x00002694   0x00002694   0x0000000c   Code   RO         1344    i.vTaskMissedYield  tasks.o
    0x000026a0   0x000026a0   0x00000038   Code   RO         1346    i.vTaskPlaceOnEventList  tasks.o
    0x000026d8   0x000026d8   0x00000040   Code   RO         1347    i.vTaskPlaceOnEventListRestricted  tasks.o
    0x00002718   0x00002718   0x000000e4   Code   RO         1349    i.vTaskPriorityDisinheritAfterTimeout  tasks.o
    0x000027fc   0x000027fc   0x00000094   Code   RO         1355    i.vTaskStartScheduler  tasks.o
    0x00002890   0x00002890   0x00000040   Code   RO         1356    i.vTaskStepTick     tasks.o
    0x000028d0   0x000028d0   0x00000010   Code   RO         1358    i.vTaskSuspendAll   tasks.o
    0x000028e0   0x000028e0   0x0000008c   Code   RO         1359    i.vTaskSwitchContext  tasks.o
    0x0000296c   0x0000296c   0x00000190   Code   RO          806    i.xPortStartScheduler  port.o
    0x00002afc   0x00002afc   0x00000054   Code   RO          912    i.xQueueGenericCreate  queue.o
    0x00002b50   0x00002b50   0x00000098   Code   RO          913    i.xQueueGenericReset  queue.o
    0x00002be8   0x00002be8   0x000001d8   Code   RO          914    i.xQueueGenericSend  queue.o
    0x00002dc0   0x00002dc0   0x00000112   Code   RO          915    i.xQueueGenericSendFromISR  queue.o
    0x00002ed2   0x00002ed2   0x000000f4   Code   RO          918    i.xQueueGiveFromISR  queue.o
    0x00002fc6   0x00002fc6   0x00000002   PAD
    0x00002fc8   0x00002fc8   0x00000168   Code   RO          924    i.xQueueReceive     queue.o
    0x00003130   0x00003130   0x000001b8   Code   RO          929    i.xQueueSemaphoreTake  queue.o
    0x000032e8   0x000032e8   0x000000a8   Code   RO         1362    i.xTaskCheckForTimeOut  tasks.o
    0x00003390   0x00003390   0x00000060   Code   RO         1363    i.xTaskCreate       tasks.o
    0x000033f0   0x000033f0   0x00000020   Code   RO         1369    i.xTaskGetSchedulerState  tasks.o
    0x00003410   0x00003410   0x0000000c   Code   RO         1370    i.xTaskGetTickCount  tasks.o
    0x0000341c   0x0000341c   0x00000148   Code   RO         1372    i.xTaskIncrementTick  tasks.o
    0x00003564   0x00003564   0x000000c8   Code   RO         1375    i.xTaskPriorityDisinherit  tasks.o
    0x0000362c   0x0000362c   0x000000b8   Code   RO         1376    i.xTaskPriorityInherit  tasks.o
    0x000036e4   0x000036e4   0x0000009c   Code   RO         1377    i.xTaskRemoveFromEventList  tasks.o
    0x00003780   0x00003780   0x00000104   Code   RO         1378    i.xTaskResumeAll    tasks.o
    0x00003884   0x00003884   0x00000058   Code   RO         1758    i.xTimerCreateTimerTask  timers.o
    0x000038dc   0x000038dc   0x00000084   Code   RO         1759    i.xTimerGenericCommand  timers.o
    0x00003960   0x00003960   0x0000000a   Code   RO         2014    x$fpl$fpinit        fz_wm.l(fpinit.o)
    0x0000396a   0x0000396a   0x00000002   PAD
    0x0000396c   0x0000396c   0x00000020   Data   RO         2084    Region$$Table       anon$$obj.o


    Execution Region ER_RW (Exec base: 0x20000000, Load base: 0x0000398c, Size: 0x00000304, Max: 0xffffffff, ABSOLUTE, COMPRESSED[0x000001e0])

    Exec Addr    Load Addr    Size         Type   Attr      Idx    E Section Name        Object

    0x20000000   COMPRESSED   0x0000001e   Data   RW           22    .data               main.o
    0x2000001e   COMPRESSED   0x00000002   PAD
    0x20000020   COMPRESSED   0x000000c0   Data   RW          235    .data               gpio_driver.o
    0x200000e0   COMPRESSED   0x00000120   Data   RW          310    .data               interrupt_driver.o
    0x20000200   COMPRESSED   0x00000090   Data   RW          401    .data               gptm_driver.o
    0x20000290   COMPRESSED   0x00000004   Data   RW          470    .data               system_tm4c123.o
    0x20000294   COMPRESSED   0x00000008   Data   RW          744    .data               heap_1.o
    0x2000029c   COMPRESSED   0x00000018   Data   RW          807    .data               port.o
    0x200002b4   COMPRESSED   0x0000003c   Data   RW         1381    .data               tasks.o
    0x200002f0   COMPRESSED   0x00000014   Data   RW         1767    .data               timers.o


    Execution Region ER_ZI (Exec base: 0x20000304, Load base: 0x00003b6c, Size: 0x00002b54, Max: 0xffffffff, ABSOLUTE)

    Exec Addr    Load Addr    Size         Type   Attr      Idx    E Section Name        Object

    0x20000304        -       0x00002800   Zero   RW          743    .bss                heap_1.o
    0x20002b04        -       0x000000c8   Zero   RW         1380    .bss                tasks.o
    0x20002bcc        -       0x00000028   Zero   RW         1766    .bss                timers.o
    0x20002bf4        -       0x00000060   Zero   RW         1956    .bss                c_w.l(libspace.o)
    0x20002c54   0x00003b6c   0x00000004   PAD
    0x20002c58        -       0x00000000   Zero   RW          458    HEAP                startup_tm4c123.o
    0x20002c58        -       0x00000200   Zero   RW          457    STACK               startup_tm4c123.o


==============================================================================

Image component sizes


      Code (inc. data)   RO Data    RW Data    ZI Data      Debug   Object Name

         0          0          0          0          0       9792   event_groups.o
       712        134          0        192          0       5654   gpio_driver.o
       408         98          0        144          0       5289   gptm_driver.o
       146         14          0          8      10240      10935   heap_1.o
       468         94          0        288          0       5321   interrupt_driver.o
       148          0          0          0          0       3786   list.o
      2138        306          0         30          0      79406   main.o
      1450        116          0         24          0      13858   port.o
      2672         22          0          0          0      21217   queue.o
       276         24        620          0        512       5504   startup_tm4c123.o
       152         40          0          4          0        947   system_tm4c123.o
      3360        438          0         60        200      31609   tasks.o
      1246        108          0         20         40      13519   timers.o

    ----------------------------------------------------------------------
     13192       1394        652        772      10992     206837   Object Totals
         0          0         32          0          0          0   (incl. Generated)
        16          0          0          2          0          0   (incl. Padding)

    ----------------------------------------------------------------------

      Code (inc. data)   RO Data    RW Data    ZI Data      Debug   Library Member Name

        90          0          0          0          0          0   __dczerorl2.o
         8          0          0          0          0         68   __main.o
         0          0          0          0          0          0   __rtentry.o
        12          0          0          0          0          0   __rtentry2.o
         6          0          0          0          0          0   __rtentry4.o
        52          8          0          0          0          0   __scatter.o
        28          0          0          0          0          0   __scatter_zi.o
        16          0          0          0          0         68   aeabi_memset.o
        18          0          0          0          0         80   exit.o
         6          0          0          0          0        152   heapauxi.o
         0          0          0          0          0          0   indicate_semi.o
         2          0          0          0          0          0   libinit.o
         6          0          0          0          0          0   libinit2.o
         2          0          0          0          0          0   libshutdown.o
         2          0          0          0          0          0   libshutdown2.o
         8          4          0          0         96         68   libspace.o
        68          0          0          0          0         68   rt_memclr.o
        78          0          0          0          0         80   rt_memclr_w.o
       138          0          0          0          0         68   rt_memcpy_v6.o
       100          0          0          0          0         80   rt_memcpy_w.o
         2          0          0          0          0          0   rtexit.o
        10          0          0          0          0          0   rtexit2.o
       128          0          0          0          0         68   strcmpv7m.o
        12          4          0          0          0         68   sys_exit.o
        74          0          0          0          0         80   sys_stackheap_outer.o
         2          0          0          0          0         68   use_no_semi.o
        10          0          0          0          0        116   fpinit.o

    ----------------------------------------------------------------------
       888         16          0          0        100       1132   Library Totals
        10          0          0          0          4          0   (incl. Padding)

    ----------------------------------------------------------------------

      Code (inc. data)   RO Data    RW Data    ZI Data      Debug   Library Name

       868         16          0          0         96       1016   c_w.l
        10          0          0          0          0        116   fz_wm.l

    ----------------------------------------------------------------------
       888         16          0          0        100       1132   Library Totals

    ----------------------------------------------------------------------

==============================================================================


      Code (inc. data)   RO Data    RW Data    ZI Data      Debug   

     14080       1410        652        772      11092     196701   Grand Totals
     14080       1410        652        480      11092     196701   ELF Image Totals (compressed)
     14080       1410        652        480          0          0   ROM Totals

==============================================================================

    Total RO  Size (Code + RO Data)                14732 (  14.39kB)
    Total RW  Size (RW Data + ZI Data)             11864 (  11.59kB)
    Total ROM Size (Code + RO Data + RW Data)      15212 (  14.86kB)

==============================================================================

